Archive member included to satisfy reference by file (symbol)

/usr/lib/gcc/arm-none-eabi/10.3.1/thumb/v6-m/nofp/libgcc.a(_dvmd_tls.o)
                              CMakeFiles/pico.dir/lib/pico-sdk/src/rp2_common/pico_divider/divider.S.obj (__aeabi_idiv0)
/usr/lib/gcc/arm-none-eabi/10.3.1/../../../arm-none-eabi/lib/thumb/v6-m/nofp/libc.a(lib_a-atexit.o)
                              /usr/lib/gcc/arm-none-eabi/10.3.1/../../../arm-none-eabi/lib/thumb/v6-m/nofp/crt0.o (atexit)
/usr/lib/gcc/arm-none-eabi/10.3.1/../../../arm-none-eabi/lib/thumb/v6-m/nofp/libc.a(lib_a-atoi.o)
                              CMakeFiles/pico.dir/lib/pico-sdk/lib/lwip/src/core/netif.c.obj (atoi)
/usr/lib/gcc/arm-none-eabi/10.3.1/../../../arm-none-eabi/lib/thumb/v6-m/nofp/libc.a(lib_a-calloc.o)
                              CMakeFiles/pico.dir/lib/pico-sdk/src/rp2_common/pico_malloc/pico_malloc.c.obj (calloc)
/usr/lib/gcc/arm-none-eabi/10.3.1/../../../arm-none-eabi/lib/thumb/v6-m/nofp/libc.a(lib_a-callocr.o)
                              /usr/lib/gcc/arm-none-eabi/10.3.1/../../../arm-none-eabi/lib/thumb/v6-m/nofp/libc.a(lib_a-calloc.o) (_calloc_r)
/usr/lib/gcc/arm-none-eabi/10.3.1/../../../arm-none-eabi/lib/thumb/v6-m/nofp/libc.a(lib_a-ctype_.o)
                              CMakeFiles/pico.dir/lib/pico-sdk/lib/lwip/src/core/dns.c.obj (_ctype_)
/usr/lib/gcc/arm-none-eabi/10.3.1/../../../arm-none-eabi/lib/thumb/v6-m/nofp/libc.a(lib_a-fini.o)
                              /usr/lib/gcc/arm-none-eabi/10.3.1/../../../arm-none-eabi/lib/thumb/v6-m/nofp/crt0.o (__libc_fini_array)
/usr/lib/gcc/arm-none-eabi/10.3.1/../../../arm-none-eabi/lib/thumb/v6-m/nofp/libc.a(lib_a-impure.o)
                              /usr/lib/gcc/arm-none-eabi/10.3.1/../../../arm-none-eabi/lib/thumb/v6-m/nofp/libc.a(lib_a-calloc.o) (_impure_ptr)
/usr/lib/gcc/arm-none-eabi/10.3.1/../../../arm-none-eabi/lib/thumb/v6-m/nofp/libc.a(lib_a-init.o)
                              /usr/lib/gcc/arm-none-eabi/10.3.1/../../../arm-none-eabi/lib/thumb/v6-m/nofp/crt0.o (__libc_init_array)
/usr/lib/gcc/arm-none-eabi/10.3.1/../../../arm-none-eabi/lib/thumb/v6-m/nofp/libc.a(lib_a-malloc.o)
                              CMakeFiles/pico.dir/lib/pico-sdk/src/rp2_common/pico_malloc/pico_malloc.c.obj (malloc)
/usr/lib/gcc/arm-none-eabi/10.3.1/../../../arm-none-eabi/lib/thumb/v6-m/nofp/libc.a(lib_a-mallocr.o)
                              /usr/lib/gcc/arm-none-eabi/10.3.1/../../../arm-none-eabi/lib/thumb/v6-m/nofp/libc.a(lib_a-callocr.o) (_malloc_r)
/usr/lib/gcc/arm-none-eabi/10.3.1/../../../arm-none-eabi/lib/thumb/v6-m/nofp/libc.a(lib_a-memcmp.o)
                              CMakeFiles/pico.dir/src/pico_server/pico_server.c.obj (memcmp)
/usr/lib/gcc/arm-none-eabi/10.3.1/../../../arm-none-eabi/lib/thumb/v6-m/nofp/libc.a(lib_a-memmove.o)
                              CMakeFiles/pico.dir/lib/pico-sdk/lib/lwip/src/core/def.c.obj (memmove)
/usr/lib/gcc/arm-none-eabi/10.3.1/../../../arm-none-eabi/lib/thumb/v6-m/nofp/libc.a(lib_a-mlock.o)
                              /usr/lib/gcc/arm-none-eabi/10.3.1/../../../arm-none-eabi/lib/thumb/v6-m/nofp/libc.a(lib_a-mallocr.o) (__malloc_lock)
/usr/lib/gcc/arm-none-eabi/10.3.1/../../../arm-none-eabi/lib/thumb/v6-m/nofp/libc.a(lib_a-rand.o)
                              CMakeFiles/pico.dir/src/pico_server/pico_server.c.obj (rand)
/usr/lib/gcc/arm-none-eabi/10.3.1/../../../arm-none-eabi/lib/thumb/v6-m/nofp/libc.a(lib_a-realloc.o)
                              CMakeFiles/pico.dir/lib/pico-sdk/src/rp2_common/pico_malloc/pico_malloc.c.obj (realloc)
/usr/lib/gcc/arm-none-eabi/10.3.1/../../../arm-none-eabi/lib/thumb/v6-m/nofp/libc.a(lib_a-reallocr.o)
                              /usr/lib/gcc/arm-none-eabi/10.3.1/../../../arm-none-eabi/lib/thumb/v6-m/nofp/libc.a(lib_a-realloc.o) (_realloc_r)
/usr/lib/gcc/arm-none-eabi/10.3.1/../../../arm-none-eabi/lib/thumb/v6-m/nofp/libc.a(lib_a-sbrkr.o)
                              /usr/lib/gcc/arm-none-eabi/10.3.1/../../../arm-none-eabi/lib/thumb/v6-m/nofp/libc.a(lib_a-mallocr.o) (_sbrk_r)
/usr/lib/gcc/arm-none-eabi/10.3.1/../../../arm-none-eabi/lib/thumb/v6-m/nofp/libc.a(lib_a-strlen-stub.o)
                              CMakeFiles/pico.dir/lib/pico-sdk/lib/lwip/src/core/def.c.obj (strlen)
/usr/lib/gcc/arm-none-eabi/10.3.1/../../../arm-none-eabi/lib/thumb/v6-m/nofp/libc.a(lib_a-strncmp.o)
                              CMakeFiles/pico.dir/lib/pico-sdk/lib/lwip/src/core/def.c.obj (strncmp)
/usr/lib/gcc/arm-none-eabi/10.3.1/../../../arm-none-eabi/lib/thumb/v6-m/nofp/libc.a(lib_a-strtol.o)
                              /usr/lib/gcc/arm-none-eabi/10.3.1/../../../arm-none-eabi/lib/thumb/v6-m/nofp/libc.a(lib_a-atoi.o) (_strtol_r)
/usr/lib/gcc/arm-none-eabi/10.3.1/../../../arm-none-eabi/lib/thumb/v6-m/nofp/libc.a(lib_a-__atexit.o)
                              /usr/lib/gcc/arm-none-eabi/10.3.1/../../../arm-none-eabi/lib/thumb/v6-m/nofp/libc.a(lib_a-atexit.o) (__register_exitproc)
[...]
Memory Configuration

Name             Origin             Length             Attributes
FLASH            0x0000000010000000 0x0000000000200000 xr
RAM              0x0000000020000000 0x0000000000040000 xrw
SCRATCH_X        0x0000000020040000 0x0000000000001000 xrw
SCRATCH_Y        0x0000000020041000 0x0000000000001000 xrw
*default*        0x0000000000000000 0xffffffffffffffff

Linker script and memory map

LOAD /usr/lib/gcc/arm-none-eabi/10.3.1/thumb/v6-m/nofp/crti.o
LOAD /usr/lib/gcc/arm-none-eabi/10.3.1/thumb/v6-m/nofp/crtbegin.o
LOAD /usr/lib/gcc/arm-none-eabi/10.3.1/../../../arm-none-eabi/lib/thumb/v6-m/nofp/crt0.o

.flash_begin    0x0000000010000000        0x0
                0x0000000010000000                __flash_binary_start = .

.boot2          0x0000000010000000      0x100
                0x0000000010000000                __boot2_start__ = .
 *(.boot2)
 .boot2         0x0000000010000000      0x100 /tmp/ccVdraX0.o
                0x0000000010000100                __boot2_end__ = .
                0x0000000000000001                ASSERT (((__boot2_end__ - __boot2_start__) == 0x100), ERROR: Pico second stage bootloader must be 256 bytes in size)

.text           0x0000000010000100    0x19198
                0x0000000010000100                __logical_binary_start = .
 *(.vectors)
 .vectors       0x0000000010000100       0xd4 CMakeFiles/pico.dir/lib/pico-sdk/src/rp2_common/pico_standard_link/crt0.S.obj
                0x0000000010000100                __vectors
                0x0000000010000100                __VECTOR_TABLE
                0x00000000100001c0                isr_invalid
                0x00000000100001c0                __default_isrs_start
                0x00000000100001c2                isr_nmi
                0x00000000100001c4                isr_hardfault
                0x00000000100001c6                isr_svcall
                0x00000000100001c8                isr_pendsv
                0x00000000100001ca                isr_systick
                0x00000000100001cc                isr_irq30
                0x00000000100001cc                __unhandled_user_irq
                0x00000000100001cc                isr_irq13
                0x00000000100001cc                isr_irq27
                0x00000000100001cc                isr_irq31
                0x00000000100001cc                isr_irq5
                0x00000000100001cc                isr_irq11
                0x00000000100001cc                isr_irq23
                0x00000000100001cc                isr_irq18
                0x00000000100001cc                isr_irq28
                0x00000000100001cc                isr_irq19
                0x00000000100001cc                isr_irq0
                0x00000000100001cc                isr_irq6
                0x00000000100001cc                isr_irq22
                0x00000000100001cc                isr_irq17
                0x00000000100001cc                isr_irq14
                0x00000000100001cc                isr_irq2
                0x00000000100001cc                isr_irq10
                0x00000000100001cc                isr_irq8
                0x00000000100001cc                isr_irq24
                0x00000000100001cc                isr_irq1
                0x00000000100001cc                isr_irq7
                0x00000000100001cc                isr_irq21
                0x00000000100001cc                isr_irq20
                0x00000000100001cc                isr_irq15
                0x00000000100001cc                isr_irq25
                0x00000000100001cc                isr_irq4
                0x00000000100001cc                isr_irq16
                0x00000000100001cc                isr_irq29
                0x00000000100001cc                isr_irq26
                0x00000000100001cc                __default_isrs_end
                0x00000000100001cc                isr_irq3
                0x00000000100001cc                isr_irq12
                0x00000000100001cc                isr_irq9
                0x00000000100001d2                unhandled_user_irq_num_in_r0
 *(.binary_info_header)
 .binary_info_header
                0x00000000100001d4       0x14 CMakeFiles/pico.dir/lib/pico-sdk/src/rp2_common/pico_standard_link/crt0.S.obj
                0x00000000100001e8                __binary_info_header_end = .
 *(.reset)
 .reset         0x00000000100001e8       0xa0 CMakeFiles/pico.dir/lib/pico-sdk/src/rp2_common/pico_standard_link/crt0.S.obj
                0x00000000100001e8                _entry_point
 .reset         0x0000000010000288       0x30 CMakeFiles/pico.dir/lib/pico-sdk/src/rp2_common/pico_standard_link/binary_info.c.obj
 *(.init)
 .init          0x00000000100002b8        0x4 /usr/lib/gcc/arm-none-eabi/10.3.1/thumb/v6-m/nofp/crti.o
                0x00000000100002b8                _init
 *(EXCLUDE_FILE(*libm.a: *libc.a:*lib_a-mem*.o *libgcc.a:) .text*)
 .text          0x00000000100002bc       0x98 /usr/lib/gcc/arm-none-eabi/10.3.1/thumb/v6-m/nofp/crtbegin.o
 .text.communication_thread
                0x0000000010000354      0x178 CMakeFiles/pico.dir/src/main.c.obj
                0x0000000010000354                communication_thread
 .text.startup.main
                0x00000000100004cc       0x10 CMakeFiles/pico.dir/src/main.c.obj
                0x00000000100004cc                main
 .text.tcp_server_sent
                0x00000000100004dc       0x34 CMakeFiles/pico.dir/src/pico_server/pico_server.c.obj
 .text.tcp_server_close
                0x0000000010000510       0x74 CMakeFiles/pico.dir/src/pico_server/pico_server.c.obj
 .text.tcp_server_err
                0x0000000010000584       0x40 CMakeFiles/pico.dir/src/pico_server/pico_server.c.obj
 .text.tcp_server_accept
                0x00000000100005c4      0x11c CMakeFiles/pico.dir/src/pico_server/pico_server.c.obj
 .text.tcp_server_poll
                0x00000000100006e0       0x90 CMakeFiles/pico.dir/src/pico_server/pico_server.c.obj
 .text.tcp_server_recv
                0x0000000010000770      0x130 CMakeFiles/pico.dir/src/pico_server/pico_server.c.obj
                0x0000000010000770                tcp_server_recv
 .text.tcp_server_open
                0x00000000100008a0       0x90 CMakeFiles/pico.dir/src/pico_server/pico_server.c.obj
                0x00000000100008a0                tcp_server_open
 .text.run_tcp_server_test
                0x0000000010000930       0x50 CMakeFiles/pico.dir/src/pico_server/pico_server.c.obj
                0x0000000010000930                run_tcp_server_test
 .text.lwip_timeout_reached
                0x0000000010000980        0x8 CMakeFiles/pico.dir/lib/pico-sdk/src/rp2_common/pico_lwip/lwip_nosys.c.obj
 .text.update_next_timeout
                0x0000000010000988       0x6c CMakeFiles/pico.dir/lib/pico-sdk/src/rp2_common/pico_lwip/lwip_nosys.c.obj
 .text.lwip_nosys_init
                0x00000000100009f4       0x30 CMakeFiles/pico.dir/lib/pico-sdk/src/rp2_common/pico_lwip/lwip_nosys.c.obj
                0x00000000100009f4                lwip_nosys_init
 .text.lwip_nosys_deinit
                0x0000000010000a24       0x20 CMakeFiles/pico.dir/lib/pico-sdk/src/rp2_common/pico_lwip/lwip_nosys.c.obj
                0x0000000010000a24                lwip_nosys_deinit
 .text.sys_arch_protect
                0x0000000010000a44        0x4 CMakeFiles/pico.dir/lib/pico-sdk/src/rp2_common/pico_lwip/lwip_nosys.c.obj
                0x0000000010000a44                sys_arch_protect
 .text.sys_arch_unprotect
                0x0000000010000a48        0x4 CMakeFiles/pico.dir/lib/pico-sdk/src/rp2_common/pico_lwip/lwip_nosys.c.obj
                0x0000000010000a48                sys_arch_unprotect
 .text.sys_now  0x0000000010000a4c       0x20 CMakeFiles/pico.dir/lib/pico-sdk/src/rp2_common/pico_lwip/lwip_nosys.c.obj
                0x0000000010000a4c                sys_now
 .text.async_context_base_add_at_time_worker
                0x0000000010000a6c       0x28 CMakeFiles/pico.dir/lib/pico-sdk/src/rp2_common/pico_async_context/async_context_base.c.obj
                0x0000000010000a6c                async_context_base_add_at_time_worker
 .text.async_context_base_remove_at_time_worker
                0x0000000010000a94       0x28 CMakeFiles/pico.dir/lib/pico-sdk/src/rp2_common/pico_async_context/async_context_base.c.obj
                0x0000000010000a94                async_context_base_remove_at_time_worker
 .text.async_context_base_add_when_pending_worker
                0x0000000010000abc       0x24 CMakeFiles/pico.dir/lib/pico-sdk/src/rp2_common/pico_async_context/async_context_base.c.obj
                0x0000000010000abc                async_context_base_add_when_pending_worker
 .text.async_context_base_remove_when_pending_worker
                0x0000000010000ae0       0x28 CMakeFiles/pico.dir/lib/pico-sdk/src/rp2_common/pico_async_context/async_context_base.c.obj
                0x0000000010000ae0                async_context_base_remove_when_pending_worker
 .text.async_context_base_execute_once
                0x0000000010000b08       0xe8 CMakeFiles/pico.dir/lib/pico-sdk/src/rp2_common/pico_async_context/async_context_base.c.obj
                0x0000000010000b08                async_context_base_execute_once
 .text.async_context_base_needs_servicing
                0x0000000010000bf0       0x54 CMakeFiles/pico.dir/lib/pico-sdk/src/rp2_common/pico_async_context/async_context_base.c.obj
                0x0000000010000bf0                async_context_base_needs_servicing
 .text.running_on_fpga
                0x0000000010000c44       0x10 CMakeFiles/pico.dir/lib/pico-sdk/src/rp2_common/pico_platform/platform.c.obj
                0x0000000010000c44                running_on_fpga
 .text.splitmix64
                0x0000000010000c54       0x5c CMakeFiles/pico.dir/lib/pico-sdk/src/rp2_common/pico_rand/rand.c.obj
 .text.xoroshiro128ss
                0x0000000010000cb0       0x90 CMakeFiles/pico.dir/lib/pico-sdk/src/rp2_common/pico_rand/rand.c.obj
 .text.get_rand_64
                0x0000000010000d40      0x484 CMakeFiles/pico.dir/lib/pico-sdk/src/rp2_common/pico_rand/rand.c.obj
                0x0000000010000d40                get_rand_64
 .text.get_rand_32
                0x00000000100011c4        0x8 CMakeFiles/pico.dir/lib/pico-sdk/src/rp2_common/pico_rand/rand.c.obj
                0x00000000100011c4                get_rand_32
 .text.startup._retrieve_unique_id_on_boot
                0x00000000100011cc       0x10 CMakeFiles/pico.dir/lib/pico-sdk/src/rp2_common/pico_unique_id/unique_id.c.obj
 .text.pico_get_unique_board_id
                0x00000000100011dc       0x10 CMakeFiles/pico.dir/lib/pico-sdk/src/rp2_common/pico_unique_id/unique_id.c.obj
                0x00000000100011dc                pico_get_unique_board_id
 .text.pico_get_unique_board_id_string
                0x00000000100011ec      0x1a8 CMakeFiles/pico.dir/lib/pico-sdk/src/rp2_common/pico_unique_id/unique_id.c.obj
                0x00000000100011ec                pico_get_unique_board_id_string
 .text.flash_get_unique_id
                0x0000000010001394       0x40 CMakeFiles/pico.dir/lib/pico-sdk/src/rp2_common/hardware_flash/flash.c.obj
                0x0000000010001394                flash_get_unique_id
 .text.hw_claim_lock
                0x00000000100013d4       0x18 CMakeFiles/pico.dir/lib/pico-sdk/src/rp2_common/hardware_claim/claim.c.obj
                0x00000000100013d4                hw_claim_lock
 .text.hw_claim_unlock
                0x00000000100013ec       0x14 CMakeFiles/pico.dir/lib/pico-sdk/src/rp2_common/hardware_claim/claim.c.obj
                0x00000000100013ec                hw_claim_unlock
 .text.hw_claim_or_assert
                0x0000000010001400       0x44 CMakeFiles/pico.dir/lib/pico-sdk/src/rp2_common/hardware_claim/claim.c.obj
                0x0000000010001400                hw_claim_or_assert
 .text.hw_claim_unused_from_range
                0x0000000010001444       0x9c CMakeFiles/pico.dir/lib/pico-sdk/src/rp2_common/hardware_claim/claim.c.obj
                0x0000000010001444                hw_claim_unused_from_range
 .text.hw_claim_clear
                0x00000000100014e0       0x38 CMakeFiles/pico.dir/lib/pico-sdk/src/rp2_common/hardware_claim/claim.c.obj
                0x00000000100014e0                hw_claim_clear
 .text.spin_locks_reset
                0x0000000010001518       0x1c CMakeFiles/pico.dir/lib/pico-sdk/src/rp2_common/hardware_sync/sync.c.obj
                0x0000000010001518                spin_locks_reset
 .text.next_striped_spin_lock_num
                0x0000000010001534       0x18 CMakeFiles/pico.dir/lib/pico-sdk/src/rp2_common/hardware_sync/sync.c.obj
                0x0000000010001534                next_striped_spin_lock_num
 .text.spin_lock_claim_unused
                0x000000001000154c       0x20 CMakeFiles/pico.dir/lib/pico-sdk/src/rp2_common/hardware_sync/sync.c.obj
                0x000000001000154c                spin_lock_claim_unused
 .text.rom_func_lookup
                0x000000001000156c       0x10 CMakeFiles/pico.dir/lib/pico-sdk/src/rp2_common/pico_bootrom/bootrom.c.obj
                0x000000001000156c                rom_func_lookup
 .text.rom_data_lookup
                0x000000001000157c       0x10 CMakeFiles/pico.dir/lib/pico-sdk/src/rp2_common/pico_bootrom/bootrom.c.obj
                0x000000001000157c                rom_data_lookup
 .text.rom_funcs_lookup
                0x000000001000158c       0x44 CMakeFiles/pico.dir/lib/pico-sdk/src/rp2_common/pico_bootrom/bootrom.c.obj
                0x000000001000158c                rom_funcs_lookup
 .text.clocks_init
                0x00000000100015d0      0x2d0 CMakeFiles/pico.dir/lib/pico-sdk/src/rp2_common/hardware_clocks/clocks.c.obj
                0x00000000100015d0                clocks_init
 .text.clock_get_hz
                0x00000000100018a0        0xc CMakeFiles/pico.dir/lib/pico-sdk/src/rp2_common/hardware_clocks/clocks.c.obj
                0x00000000100018a0                clock_get_hz
 .text.gpio_set_function
                0x00000000100018ac       0x30 CMakeFiles/pico.dir/lib/pico-sdk/src/rp2_common/hardware_gpio/gpio.c.obj
                0x00000000100018ac                gpio_set_function
 .text.gpio_set_pulls
                0x00000000100018dc       0x30 CMakeFiles/pico.dir/lib/pico-sdk/src/rp2_common/hardware_gpio/gpio.c.obj
                0x00000000100018dc                gpio_set_pulls
 .text.gpio_set_input_hysteresis_enabled
                0x000000001000190c       0x28 CMakeFiles/pico.dir/lib/pico-sdk/src/rp2_common/hardware_gpio/gpio.c.obj
                0x000000001000190c                gpio_set_input_hysteresis_enabled
 .text.gpio_set_irq_enabled
                0x0000000010001934       0x54 CMakeFiles/pico.dir/lib/pico-sdk/src/rp2_common/hardware_gpio/gpio.c.obj
                0x0000000010001934                gpio_set_irq_enabled
 .text.gpio_add_raw_irq_handler_with_order_priority_masked
                0x0000000010001988       0x44 CMakeFiles/pico.dir/lib/pico-sdk/src/rp2_common/hardware_gpio/gpio.c.obj
                0x0000000010001988                gpio_add_raw_irq_handler_with_order_priority_masked
 .text.gpio_remove_raw_irq_handler_masked
                0x00000000100019cc       0x20 CMakeFiles/pico.dir/lib/pico-sdk/src/rp2_common/hardware_gpio/gpio.c.obj
                0x00000000100019cc                gpio_remove_raw_irq_handler_masked
 .text.gpio_init
                0x00000000100019ec       0x3c CMakeFiles/pico.dir/lib/pico-sdk/src/rp2_common/hardware_gpio/gpio.c.obj
                0x00000000100019ec                gpio_init
 .text.irq_set_enabled
                0x0000000010001a28       0x24 CMakeFiles/pico.dir/lib/pico-sdk/src/rp2_common/hardware_irq/irq.c.obj
                0x0000000010001a28                irq_set_enabled
 .text.irq_set_pending
                0x0000000010001a4c       0x10 CMakeFiles/pico.dir/lib/pico-sdk/src/rp2_common/hardware_irq/irq.c.obj
                0x0000000010001a4c                irq_set_pending
 .text.irq_has_shared_handler
                0x0000000010001a5c       0x2c CMakeFiles/pico.dir/lib/pico-sdk/src/rp2_common/hardware_irq/irq.c.obj
                0x0000000010001a5c                irq_has_shared_handler
 .text.irq_get_vtable_handler
                0x0000000010001a88       0x10 CMakeFiles/pico.dir/lib/pico-sdk/src/rp2_common/hardware_irq/irq.c.obj
                0x0000000010001a88                irq_get_vtable_handler
 .text.irq_set_exclusive_handler
                0x0000000010001a98       0x54 CMakeFiles/pico.dir/lib/pico-sdk/src/rp2_common/hardware_irq/irq.c.obj
                0x0000000010001a98                irq_set_exclusive_handler
 .text.irq_add_shared_handler
                0x0000000010001aec      0x1e8 CMakeFiles/pico.dir/lib/pico-sdk/src/rp2_common/hardware_irq/irq.c.obj
                0x0000000010001aec                irq_add_shared_handler
 .text.irq_remove_handler
                0x0000000010001cd4      0x1b0 CMakeFiles/pico.dir/lib/pico-sdk/src/rp2_common/hardware_irq/irq.c.obj
                0x0000000010001cd4                irq_remove_handler
 .text.irq_set_priority
                0x0000000010001e84       0x28 CMakeFiles/pico.dir/lib/pico-sdk/src/rp2_common/hardware_irq/irq.c.obj
                0x0000000010001e84                irq_set_priority
 .text.irq_add_tail_to_free_list
                0x0000000010001eac       0xb4 CMakeFiles/pico.dir/lib/pico-sdk/src/rp2_common/hardware_irq/irq.c.obj
                0x0000000010001eac                irq_add_tail_to_free_list
 .text.irq_init_priorities
                0x0000000010001f60       0x24 CMakeFiles/pico.dir/lib/pico-sdk/src/rp2_common/hardware_irq/irq.c.obj
                0x0000000010001f60                irq_init_priorities
 .text.user_irq_unclaim
                0x0000000010001f84       0x14 CMakeFiles/pico.dir/lib/pico-sdk/src/rp2_common/hardware_irq/irq.c.obj
                0x0000000010001f84                user_irq_unclaim
 .text.user_irq_claim_unused
                0x0000000010001f98       0x28 CMakeFiles/pico.dir/lib/pico-sdk/src/rp2_common/hardware_irq/irq.c.obj
                0x0000000010001f98                user_irq_claim_unused
 .text.sem_init
                0x0000000010001fc0       0x20 CMakeFiles/pico.dir/lib/pico-sdk/src/common/pico_sync/sem.c.obj
                0x0000000010001fc0                sem_init
 .text.lock_init
                0x0000000010001fe0       0x10 CMakeFiles/pico.dir/lib/pico-sdk/src/common/pico_sync/lock_core.c.obj
                0x0000000010001fe0                lock_init
 .text.mutex_init
                0x0000000010001ff0       0x1c CMakeFiles/pico.dir/lib/pico-sdk/src/common/pico_sync/mutex.c.obj
                0x0000000010001ff0                mutex_init
 .text.recursive_mutex_init
                0x000000001000200c       0x1c CMakeFiles/pico.dir/lib/pico-sdk/src/common/pico_sync/mutex.c.obj
                0x000000001000200c                recursive_mutex_init
 .text.critical_section_init
                0x0000000010002028       0x20 CMakeFiles/pico.dir/lib/pico-sdk/src/common/pico_sync/critical_section.c.obj
                0x0000000010002028                critical_section_init
 .text.critical_section_init_with_lock_num
                0x0000000010002048       0x14 CMakeFiles/pico.dir/lib/pico-sdk/src/common/pico_sync/critical_section.c.obj
                0x0000000010002048                critical_section_init_with_lock_num
 .text.timer_pool_entry_comparator
                0x000000001000205c       0x34 CMakeFiles/pico.dir/lib/pico-sdk/src/common/pico_time/time.c.obj
                0x000000001000205c                timer_pool_entry_comparator
 .text.sleep_until_callback
                0x0000000010002090       0x30 CMakeFiles/pico.dir/lib/pico-sdk/src/common/pico_time/time.c.obj
 .text.add_alarm_under_lock.isra.0
                0x00000000100020c0      0x100 CMakeFiles/pico.dir/lib/pico-sdk/src/common/pico_time/time.c.obj
 .text.alarm_pool_alarm_callback
                0x00000000100021c0      0x1bc CMakeFiles/pico.dir/lib/pico-sdk/src/common/pico_time/time.c.obj
 .text.alarm_pool_init_default
                0x000000001000237c       0x6c CMakeFiles/pico.dir/lib/pico-sdk/src/common/pico_time/time.c.obj
                0x000000001000237c                alarm_pool_init_default
 .text.alarm_pool_get_default
                0x00000000100023e8        0x8 CMakeFiles/pico.dir/lib/pico-sdk/src/common/pico_time/time.c.obj
                0x00000000100023e8                alarm_pool_get_default
 .text.alarm_pool_create_with_unused_hardware_alarm
                0x00000000100023f0       0x74 CMakeFiles/pico.dir/lib/pico-sdk/src/common/pico_time/time.c.obj
                0x00000000100023f0                alarm_pool_create_with_unused_hardware_alarm
 .text.alarm_pool_destroy
                0x0000000010002464       0x44 CMakeFiles/pico.dir/lib/pico-sdk/src/common/pico_time/time.c.obj
                0x0000000010002464                alarm_pool_destroy
 .text.alarm_pool_add_alarm_at
                0x00000000100024a8      0x178 CMakeFiles/pico.dir/lib/pico-sdk/src/common/pico_time/time.c.obj
                0x00000000100024a8                alarm_pool_add_alarm_at
 .text.alarm_pool_add_alarm_at_force_in_context
                0x0000000010002620      0x124 CMakeFiles/pico.dir/lib/pico-sdk/src/common/pico_time/time.c.obj
                0x0000000010002620                alarm_pool_add_alarm_at_force_in_context
 .text.alarm_pool_cancel_alarm
                0x0000000010002744       0x78 CMakeFiles/pico.dir/lib/pico-sdk/src/common/pico_time/time.c.obj
                0x0000000010002744                alarm_pool_cancel_alarm
 .text.alarm_pool_core_num
                0x00000000100027bc        0x4 CMakeFiles/pico.dir/lib/pico-sdk/src/common/pico_time/time.c.obj
                0x00000000100027bc                alarm_pool_core_num
 .text.sleep_until
                0x00000000100027c0       0xc4 CMakeFiles/pico.dir/lib/pico-sdk/src/common/pico_time/time.c.obj
                0x00000000100027c0                sleep_until
 .text.sleep_ms
                0x0000000010002884       0x34 CMakeFiles/pico.dir/lib/pico-sdk/src/common/pico_time/time.c.obj
                0x0000000010002884                sleep_ms
 .text.best_effort_wfe_or_timeout
                0x00000000100028b8       0xd4 CMakeFiles/pico.dir/lib/pico-sdk/src/common/pico_time/time.c.obj
                0x00000000100028b8                best_effort_wfe_or_timeout
 .text.hardware_alarm_irq_handler
                0x000000001000298c       0xbc CMakeFiles/pico.dir/lib/pico-sdk/src/rp2_common/hardware_timer/timer.c.obj
 .text.hardware_alarm_claim
                0x0000000010002a48       0x18 CMakeFiles/pico.dir/lib/pico-sdk/src/rp2_common/hardware_timer/timer.c.obj
                0x0000000010002a48                hardware_alarm_claim
 .text.hardware_alarm_unclaim
                0x0000000010002a60       0x10 CMakeFiles/pico.dir/lib/pico-sdk/src/rp2_common/hardware_timer/timer.c.obj
                0x0000000010002a60                hardware_alarm_unclaim
 .text.hardware_alarm_claim_unused
                0x0000000010002a70       0x20 CMakeFiles/pico.dir/lib/pico-sdk/src/rp2_common/hardware_timer/timer.c.obj
                0x0000000010002a70                hardware_alarm_claim_unused
 .text.time_us_64
                0x0000000010002a90       0x14 CMakeFiles/pico.dir/lib/pico-sdk/src/rp2_common/hardware_timer/timer.c.obj
                0x0000000010002a90                time_us_64
 .text.busy_wait_until
                0x0000000010002aa4       0x20 CMakeFiles/pico.dir/lib/pico-sdk/src/rp2_common/hardware_timer/timer.c.obj
                0x0000000010002aa4                busy_wait_until
 .text.hardware_alarm_set_callback
                0x0000000010002ac4       0x8c CMakeFiles/pico.dir/lib/pico-sdk/src/rp2_common/hardware_timer/timer.c.obj
                0x0000000010002ac4                hardware_alarm_set_callback
 .text.hardware_alarm_set_target
                0x0000000010002b50       0xd4 CMakeFiles/pico.dir/lib/pico-sdk/src/rp2_common/hardware_timer/timer.c.obj
                0x0000000010002b50                hardware_alarm_set_target
 .text.hardware_alarm_cancel
                0x0000000010002c24       0x3c CMakeFiles/pico.dir/lib/pico-sdk/src/rp2_common/hardware_timer/timer.c.obj
                0x0000000010002c24                hardware_alarm_cancel
 .text.hardware_alarm_force_irq
                0x0000000010002c60       0x3c CMakeFiles/pico.dir/lib/pico-sdk/src/rp2_common/hardware_timer/timer.c.obj
                0x0000000010002c60                hardware_alarm_force_irq
 .text.ph_merge_nodes
                0x0000000010002c9c       0x68 CMakeFiles/pico.dir/lib/pico-sdk/src/common/pico_util/pheap.c.obj
 .text.ph_create
                0x0000000010002d04       0x60 CMakeFiles/pico.dir/lib/pico-sdk/src/common/pico_util/pheap.c.obj
                0x0000000010002d04                ph_create
 .text.ph_post_alloc_init
                0x0000000010002d64       0x3c CMakeFiles/pico.dir/lib/pico-sdk/src/common/pico_util/pheap.c.obj
                0x0000000010002d64                ph_post_alloc_init
 .text.ph_destroy
                0x0000000010002da0       0x14 CMakeFiles/pico.dir/lib/pico-sdk/src/common/pico_util/pheap.c.obj
                0x0000000010002da0                ph_destroy
 .text.ph_merge_two_pass
                0x0000000010002db4       0x90 CMakeFiles/pico.dir/lib/pico-sdk/src/common/pico_util/pheap.c.obj
                0x0000000010002db4                ph_merge_two_pass
 .text.ph_remove_any_head
                0x0000000010002e44      0x100 CMakeFiles/pico.dir/lib/pico-sdk/src/common/pico_util/pheap.c.obj
 .text.ph_remove_head
                0x0000000010002f44      0x104 CMakeFiles/pico.dir/lib/pico-sdk/src/common/pico_util/pheap.c.obj
                0x0000000010002f44                ph_remove_head
 .text.ph_remove_and_free_node
                0x0000000010003048       0x7c CMakeFiles/pico.dir/lib/pico-sdk/src/common/pico_util/pheap.c.obj
                0x0000000010003048                ph_remove_and_free_node
 .text.pll_init
                0x00000000100030c4       0xa0 CMakeFiles/pico.dir/lib/pico-sdk/src/rp2_common/hardware_pll/pll.c.obj
                0x00000000100030c4                pll_init
 .text.watchdog_start_tick
                0x0000000010003164       0x10 CMakeFiles/pico.dir/lib/pico-sdk/src/rp2_common/hardware_watchdog/watchdog.c.obj
                0x0000000010003164                watchdog_start_tick
 .text.watchdog_reboot
                0x0000000010003174       0x98 CMakeFiles/pico.dir/lib/pico-sdk/src/rp2_common/hardware_watchdog/watchdog.c.obj
                0x0000000010003174                watchdog_reboot
 .text.xosc_init
                0x000000001000320c       0x28 CMakeFiles/pico.dir/lib/pico-sdk/src/rp2_common/hardware_xosc/xosc.c.obj
                0x000000001000320c                xosc_init
 .text.lwip_init
                0x0000000010003234       0x24 CMakeFiles/pico.dir/lib/pico-sdk/lib/lwip/src/core/init.c.obj
                0x0000000010003234                lwip_init
 .text.lwip_htons
                0x0000000010003258        0x8 CMakeFiles/pico.dir/lib/pico-sdk/lib/lwip/src/core/def.c.obj
                0x0000000010003258                lwip_htons
 .text.lwip_htonl
                0x0000000010003260        0x4 CMakeFiles/pico.dir/lib/pico-sdk/lib/lwip/src/core/def.c.obj
                0x0000000010003260                lwip_htonl
 .text.dns_call_found
                0x0000000010003264      0x134 CMakeFiles/pico.dir/lib/pico-sdk/lib/lwip/src/core/dns.c.obj
 .text.dns_send.isra.0
                0x0000000010003398      0x168 CMakeFiles/pico.dir/lib/pico-sdk/lib/lwip/src/core/dns.c.obj
 .text.dns_init
                0x0000000010003500        0x4 CMakeFiles/pico.dir/lib/pico-sdk/lib/lwip/src/core/dns.c.obj
                0x0000000010003500                dns_init
 .text.dns_setserver
                0x0000000010003504       0x2c CMakeFiles/pico.dir/lib/pico-sdk/lib/lwip/src/core/dns.c.obj
                0x0000000010003504                dns_setserver
 .text.dns_tmr  0x0000000010003530      0x138 CMakeFiles/pico.dir/lib/pico-sdk/lib/lwip/src/core/dns.c.obj
                0x0000000010003530                dns_tmr
 .text.lwip_standard_chksum
                0x0000000010003668       0xd8 CMakeFiles/pico.dir/lib/pico-sdk/lib/lwip/src/core/inet_chksum.c.obj
                0x0000000010003668                lwip_standard_chksum
 .text.inet_chksum_pseudo
                0x0000000010003740       0xb4 CMakeFiles/pico.dir/lib/pico-sdk/lib/lwip/src/core/inet_chksum.c.obj
                0x0000000010003740                inet_chksum_pseudo
 .text.ip_chksum_pseudo
                0x00000000100037f4       0x10 CMakeFiles/pico.dir/lib/pico-sdk/lib/lwip/src/core/inet_chksum.c.obj
                0x00000000100037f4                ip_chksum_pseudo
 .text.inet_chksum
                0x0000000010003804        0xc CMakeFiles/pico.dir/lib/pico-sdk/lib/lwip/src/core/inet_chksum.c.obj
                0x0000000010003804                inet_chksum
 .text.inet_chksum_pbuf
                0x0000000010003810       0x6c CMakeFiles/pico.dir/lib/pico-sdk/lib/lwip/src/core/inet_chksum.c.obj
                0x0000000010003810                inet_chksum_pbuf
 .text.mem_init
                0x000000001000387c       0x40 CMakeFiles/pico.dir/lib/pico-sdk/lib/lwip/src/core/mem.c.obj
                0x000000001000387c                mem_init
 .text.mem_free
                0x00000000100038bc      0x11c CMakeFiles/pico.dir/lib/pico-sdk/lib/lwip/src/core/mem.c.obj
                0x00000000100038bc                mem_free
 .text.mem_trim
                0x00000000100039d8      0x110 CMakeFiles/pico.dir/lib/pico-sdk/lib/lwip/src/core/mem.c.obj
                0x00000000100039d8                mem_trim
 .text.mem_malloc
                0x0000000010003ae8      0x120 CMakeFiles/pico.dir/lib/pico-sdk/lib/lwip/src/core/mem.c.obj
                0x0000000010003ae8                mem_malloc
 .text.memp_init
                0x0000000010003c08       0x6c CMakeFiles/pico.dir/lib/pico-sdk/lib/lwip/src/core/memp.c.obj
                0x0000000010003c08                memp_init
 .text.memp_malloc
                0x0000000010003c74       0x3c CMakeFiles/pico.dir/lib/pico-sdk/lib/lwip/src/core/memp.c.obj
                0x0000000010003c74                memp_malloc
 .text.memp_free
                0x0000000010003cb0       0x38 CMakeFiles/pico.dir/lib/pico-sdk/lib/lwip/src/core/memp.c.obj
                0x0000000010003cb0                memp_free
 .text.netif_null_output_ip4
                0x0000000010003ce8        0x8 CMakeFiles/pico.dir/lib/pico-sdk/lib/lwip/src/core/netif.c.obj
 .text.netif_do_set_ipaddr.isra.0
                0x0000000010003cf0       0x70 CMakeFiles/pico.dir/lib/pico-sdk/lib/lwip/src/core/netif.c.obj
 .text.netif_init
                0x0000000010003d60        0x4 CMakeFiles/pico.dir/lib/pico-sdk/lib/lwip/src/core/netif.c.obj
                0x0000000010003d60                netif_init
 .text.netif_add
                0x0000000010003d64      0x144 CMakeFiles/pico.dir/lib/pico-sdk/lib/lwip/src/core/netif.c.obj
                0x0000000010003d64                netif_add
 .text.netif_set_addr
                0x0000000010003ea8       0xb8 CMakeFiles/pico.dir/lib/pico-sdk/lib/lwip/src/core/netif.c.obj
                0x0000000010003ea8                netif_set_addr
 .text.netif_remove
                0x0000000010003f60       0x94 CMakeFiles/pico.dir/lib/pico-sdk/lib/lwip/src/core/netif.c.obj
                0x0000000010003f60                netif_remove
 .text.netif_set_default
                0x0000000010003ff4        0xc CMakeFiles/pico.dir/lib/pico-sdk/lib/lwip/src/core/netif.c.obj
                0x0000000010003ff4                netif_set_default
 .text.netif_set_up
                0x0000000010004000       0x40 CMakeFiles/pico.dir/lib/pico-sdk/lib/lwip/src/core/netif.c.obj
                0x0000000010004000                netif_set_up
 .text.netif_set_link_up
                0x0000000010004040       0x44 CMakeFiles/pico.dir/lib/pico-sdk/lib/lwip/src/core/netif.c.obj
                0x0000000010004040                netif_set_link_up
 .text.netif_set_link_down
                0x0000000010004084       0x20 CMakeFiles/pico.dir/lib/pico-sdk/lib/lwip/src/core/netif.c.obj
                0x0000000010004084                netif_set_link_down
 .text.netif_get_by_index
                0x00000000100040a4       0x2c CMakeFiles/pico.dir/lib/pico-sdk/lib/lwip/src/core/netif.c.obj
                0x00000000100040a4                netif_get_by_index
 .text.pbuf_free.part.0
                0x00000000100040d0       0x7c CMakeFiles/pico.dir/lib/pico-sdk/lib/lwip/src/core/pbuf.c.obj
 .text.pbuf_free_ooseq
                0x000000001000414c       0x34 CMakeFiles/pico.dir/lib/pico-sdk/lib/lwip/src/core/pbuf.c.obj
                0x000000001000414c                pbuf_free_ooseq
 .text.pbuf_alloc
                0x0000000010004180      0x130 CMakeFiles/pico.dir/lib/pico-sdk/lib/lwip/src/core/pbuf.c.obj
                0x0000000010004180                pbuf_alloc
 .text.pbuf_realloc
                0x00000000100042b0       0x88 CMakeFiles/pico.dir/lib/pico-sdk/lib/lwip/src/core/pbuf.c.obj
                0x00000000100042b0                pbuf_realloc
 .text.pbuf_add_header
                0x0000000010004338       0x54 CMakeFiles/pico.dir/lib/pico-sdk/lib/lwip/src/core/pbuf.c.obj
                0x0000000010004338                pbuf_add_header
 .text.pbuf_remove_header
                0x000000001000438c       0x44 CMakeFiles/pico.dir/lib/pico-sdk/lib/lwip/src/core/pbuf.c.obj
                0x000000001000438c                pbuf_remove_header
 .text.pbuf_header_force
                0x00000000100043d0       0x74 CMakeFiles/pico.dir/lib/pico-sdk/lib/lwip/src/core/pbuf.c.obj
                0x00000000100043d0                pbuf_header_force
 .text.pbuf_free
                0x0000000010004444       0x18 CMakeFiles/pico.dir/lib/pico-sdk/lib/lwip/src/core/pbuf.c.obj
                0x0000000010004444                pbuf_free
 .text.pbuf_clen
                0x000000001000445c       0x14 CMakeFiles/pico.dir/lib/pico-sdk/lib/lwip/src/core/pbuf.c.obj
                0x000000001000445c                pbuf_clen
 .text.pbuf_ref
                0x0000000010004470       0x28 CMakeFiles/pico.dir/lib/pico-sdk/lib/lwip/src/core/pbuf.c.obj
                0x0000000010004470                pbuf_ref
 .text.pbuf_cat
                0x0000000010004498       0x3c CMakeFiles/pico.dir/lib/pico-sdk/lib/lwip/src/core/pbuf.c.obj
                0x0000000010004498                pbuf_cat
 .text.pbuf_chain
                0x00000000100044d4       0x64 CMakeFiles/pico.dir/lib/pico-sdk/lib/lwip/src/core/pbuf.c.obj
                0x00000000100044d4                pbuf_chain
 .text.pbuf_copy_partial_pbuf
                0x0000000010004538      0x13c CMakeFiles/pico.dir/lib/pico-sdk/lib/lwip/src/core/pbuf.c.obj
                0x0000000010004538                pbuf_copy_partial_pbuf
 .text.pbuf_copy
                0x0000000010004674       0x18 CMakeFiles/pico.dir/lib/pico-sdk/lib/lwip/src/core/pbuf.c.obj
                0x0000000010004674                pbuf_copy
 .text.pbuf_copy_partial
                0x000000001000468c       0x70 CMakeFiles/pico.dir/lib/pico-sdk/lib/lwip/src/core/pbuf.c.obj
                0x000000001000468c                pbuf_copy_partial
 .text.pbuf_take
                0x00000000100046fc       0x78 CMakeFiles/pico.dir/lib/pico-sdk/lib/lwip/src/core/pbuf.c.obj
                0x00000000100046fc                pbuf_take
 .text.pbuf_take_at
                0x0000000010004774       0xc0 CMakeFiles/pico.dir/lib/pico-sdk/lib/lwip/src/core/pbuf.c.obj
                0x0000000010004774                pbuf_take_at
 .text.pbuf_clone
                0x0000000010004834       0x30 CMakeFiles/pico.dir/lib/pico-sdk/lib/lwip/src/core/pbuf.c.obj
                0x0000000010004834                pbuf_clone
 .text.pbuf_put_at
                0x0000000010004864       0x1c CMakeFiles/pico.dir/lib/pico-sdk/lib/lwip/src/core/pbuf.c.obj
                0x0000000010004864                pbuf_put_at
 .text.raw_input
                0x0000000010004880       0xf0 CMakeFiles/pico.dir/lib/pico-sdk/lib/lwip/src/core/raw.c.obj
                0x0000000010004880                raw_input
 .text.raw_netif_ip_addr_changed
                0x0000000010004970       0x40 CMakeFiles/pico.dir/lib/pico-sdk/lib/lwip/src/core/raw.c.obj
                0x0000000010004970                raw_netif_ip_addr_changed
 .text.stats_init
                0x00000000100049b0        0x4 CMakeFiles/pico.dir/lib/pico-sdk/lib/lwip/src/core/stats.c.obj
                0x00000000100049b0                stats_init
 .text.tcp_close_shutdown_fin
                0x00000000100049b4       0x58 CMakeFiles/pico.dir/lib/pico-sdk/lib/lwip/src/core/tcp.c.obj
 .text.tcp_pcb_purge.part.0
                0x0000000010004a0c       0xc4 CMakeFiles/pico.dir/lib/pico-sdk/lib/lwip/src/core/tcp.c.obj
 .text.tcp_init
                0x0000000010004ad0       0x20 CMakeFiles/pico.dir/lib/pico-sdk/lib/lwip/src/core/tcp.c.obj
                0x0000000010004ad0                tcp_init
 .text.tcp_free
                0x0000000010004af0       0x1c CMakeFiles/pico.dir/lib/pico-sdk/lib/lwip/src/core/tcp.c.obj
                0x0000000010004af0                tcp_free
 .text.tcp_bind
                0x0000000010004b0c       0xf8 CMakeFiles/pico.dir/lib/pico-sdk/lib/lwip/src/core/tcp.c.obj
                0x0000000010004b0c                tcp_bind
 .text.tcp_listen_with_backlog
                0x0000000010004c04       0x98 CMakeFiles/pico.dir/lib/pico-sdk/lib/lwip/src/core/tcp.c.obj
                0x0000000010004c04                tcp_listen_with_backlog
 .text.tcp_update_rcv_ann_wnd
                0x0000000010004c9c       0x60 CMakeFiles/pico.dir/lib/pico-sdk/lib/lwip/src/core/tcp.c.obj
                0x0000000010004c9c                tcp_update_rcv_ann_wnd
 .text.tcp_recved
                0x0000000010004cfc       0x98 CMakeFiles/pico.dir/lib/pico-sdk/lib/lwip/src/core/tcp.c.obj
                0x0000000010004cfc                tcp_recved
 .text.tcp_slowtmr
                0x0000000010004d94      0x4dc CMakeFiles/pico.dir/lib/pico-sdk/lib/lwip/src/core/tcp.c.obj
                0x0000000010004d94                tcp_slowtmr
 .text.tcp_segs_free
                0x0000000010005270       0x38 CMakeFiles/pico.dir/lib/pico-sdk/lib/lwip/src/core/tcp.c.obj
                0x0000000010005270                tcp_segs_free
 .text.tcp_seg_free
                0x00000000100052a8       0x1c CMakeFiles/pico.dir/lib/pico-sdk/lib/lwip/src/core/tcp.c.obj
                0x00000000100052a8                tcp_seg_free
 .text.tcp_seg_copy
                0x00000000100052c4       0x2c CMakeFiles/pico.dir/lib/pico-sdk/lib/lwip/src/core/tcp.c.obj
                0x00000000100052c4                tcp_seg_copy
 .text.tcp_arg  0x00000000100052f0        0x8 CMakeFiles/pico.dir/lib/pico-sdk/lib/lwip/src/core/tcp.c.obj
                0x00000000100052f0                tcp_arg
 .text.tcp_recv
                0x00000000100052f8       0x1c CMakeFiles/pico.dir/lib/pico-sdk/lib/lwip/src/core/tcp.c.obj
                0x00000000100052f8                tcp_recv
 .text.tcp_sent
                0x0000000010005314       0x1c CMakeFiles/pico.dir/lib/pico-sdk/lib/lwip/src/core/tcp.c.obj
                0x0000000010005314                tcp_sent
 .text.tcp_err  0x0000000010005330       0x1c CMakeFiles/pico.dir/lib/pico-sdk/lib/lwip/src/core/tcp.c.obj
                0x0000000010005330                tcp_err
 .text.tcp_accept
                0x000000001000534c       0x10 CMakeFiles/pico.dir/lib/pico-sdk/lib/lwip/src/core/tcp.c.obj
                0x000000001000534c                tcp_accept
 .text.tcp_poll
                0x000000001000535c       0x20 CMakeFiles/pico.dir/lib/pico-sdk/lib/lwip/src/core/tcp.c.obj
                0x000000001000535c                tcp_poll
 .text.tcp_pcb_purge
                0x000000001000537c       0x18 CMakeFiles/pico.dir/lib/pico-sdk/lib/lwip/src/core/tcp.c.obj
                0x000000001000537c                tcp_pcb_purge
 .text.tcp_pcb_remove
                0x0000000010005394       0xc8 CMakeFiles/pico.dir/lib/pico-sdk/lib/lwip/src/core/tcp.c.obj
                0x0000000010005394                tcp_pcb_remove
 .text.tcp_abandon
                0x000000001000545c      0x1ac CMakeFiles/pico.dir/lib/pico-sdk/lib/lwip/src/core/tcp.c.obj
                0x000000001000545c                tcp_abandon
 .text.tcp_abort
                0x0000000010005608        0xc CMakeFiles/pico.dir/lib/pico-sdk/lib/lwip/src/core/tcp.c.obj
                0x0000000010005608                tcp_abort
 .text.tcp_accept_null
                0x0000000010005614       0x20 CMakeFiles/pico.dir/lib/pico-sdk/lib/lwip/src/core/tcp.c.obj
 .text.tcp_alloc
                0x0000000010005634      0x1cc CMakeFiles/pico.dir/lib/pico-sdk/lib/lwip/src/core/tcp.c.obj
                0x0000000010005634                tcp_alloc
 .text.tcp_new_ip_type
                0x0000000010005800      0x1ac CMakeFiles/pico.dir/lib/pico-sdk/lib/lwip/src/core/tcp.c.obj
                0x0000000010005800                tcp_new_ip_type
 .text.tcp_close_shutdown
                0x00000000100059ac      0x18c CMakeFiles/pico.dir/lib/pico-sdk/lib/lwip/src/core/tcp.c.obj
 .text.tcp_recv_null
                0x0000000010005b38       0xd4 CMakeFiles/pico.dir/lib/pico-sdk/lib/lwip/src/core/tcp.c.obj
                0x0000000010005b38                tcp_recv_null
 .text.tcp_process_refused_data
                0x0000000010005c0c       0x78 CMakeFiles/pico.dir/lib/pico-sdk/lib/lwip/src/core/tcp.c.obj
                0x0000000010005c0c                tcp_process_refused_data
 .text.tcp_fasttmr
                0x0000000010005c84       0x98 CMakeFiles/pico.dir/lib/pico-sdk/lib/lwip/src/core/tcp.c.obj
                0x0000000010005c84                tcp_fasttmr
 .text.tcp_tmr  0x0000000010005d1c       0x20 CMakeFiles/pico.dir/lib/pico-sdk/lib/lwip/src/core/tcp.c.obj
                0x0000000010005d1c                tcp_tmr
 .text.tcp_close
                0x0000000010005d3c      0x174 CMakeFiles/pico.dir/lib/pico-sdk/lib/lwip/src/core/tcp.c.obj
                0x0000000010005d3c                tcp_close
 .text.tcp_next_iss
                0x0000000010005eb0       0x28 CMakeFiles/pico.dir/lib/pico-sdk/lib/lwip/src/core/tcp.c.obj
                0x0000000010005eb0                tcp_next_iss
 .text.tcp_eff_send_mss_netif
                0x0000000010005ed8       0x38 CMakeFiles/pico.dir/lib/pico-sdk/lib/lwip/src/core/tcp.c.obj
                0x0000000010005ed8                tcp_eff_send_mss_netif
 .text.tcp_netif_ip_addr_changed
                0x0000000010005f10       0x9c CMakeFiles/pico.dir/lib/pico-sdk/lib/lwip/src/core/tcp.c.obj
                0x0000000010005f10                tcp_netif_ip_addr_changed
 .text.tcp_free_ooseq
                0x0000000010005fac       0x40 CMakeFiles/pico.dir/lib/pico-sdk/lib/lwip/src/core/tcp.c.obj
                0x0000000010005fac                tcp_free_ooseq
 .text.tcp_parseopt
                0x0000000010005fec      0x190 CMakeFiles/pico.dir/lib/pico-sdk/lib/lwip/src/core/tcp_in.c.obj
 .text.tcp_oos_insert_segment
                0x000000001000617c       0xe0 CMakeFiles/pico.dir/lib/pico-sdk/lib/lwip/src/core/tcp_in.c.obj
 .text.tcp_free_acked_segments.constprop.0
                0x000000001000625c       0xdc CMakeFiles/pico.dir/lib/pico-sdk/lib/lwip/src/core/tcp_in.c.obj
 .text.tcp_receive
                0x0000000010006338      0xa4c CMakeFiles/pico.dir/lib/pico-sdk/lib/lwip/src/core/tcp_in.c.obj
 .text.tcp_input
                0x0000000010006d84      0xda4 CMakeFiles/pico.dir/lib/pico-sdk/lib/lwip/src/core/tcp_in.c.obj
                0x0000000010006d84                tcp_input
 .text.tcp_trigger_input_pcb_close
                0x0000000010007b28       0x10 CMakeFiles/pico.dir/lib/pico-sdk/lib/lwip/src/core/tcp_in.c.obj
                0x0000000010007b28                tcp_trigger_input_pcb_close
 .text.tcp_create_segment
                0x0000000010007b38       0xf8 CMakeFiles/pico.dir/lib/pico-sdk/lib/lwip/src/core/tcp_out.c.obj
 .text.tcp_output_control_segment
                0x0000000010007c30       0xc0 CMakeFiles/pico.dir/lib/pico-sdk/lib/lwip/src/core/tcp_out.c.obj
 .text.tcp_output_alloc_header.constprop.0
                0x0000000010007cf0       0xcc CMakeFiles/pico.dir/lib/pico-sdk/lib/lwip/src/core/tcp_out.c.obj
 .text.tcp_write
                0x0000000010007dbc      0x494 CMakeFiles/pico.dir/lib/pico-sdk/lib/lwip/src/core/tcp_out.c.obj
                0x0000000010007dbc                tcp_write
 .text.tcp_split_unsent_seg
                0x0000000010008250      0x1c4 CMakeFiles/pico.dir/lib/pico-sdk/lib/lwip/src/core/tcp_out.c.obj
                0x0000000010008250                tcp_split_unsent_seg
 .text.tcp_send_fin
                0x0000000010008414      0x12c CMakeFiles/pico.dir/lib/pico-sdk/lib/lwip/src/core/tcp_out.c.obj
                0x0000000010008414                tcp_send_fin
 .text.tcp_enqueue_flags
                0x0000000010008540      0x124 CMakeFiles/pico.dir/lib/pico-sdk/lib/lwip/src/core/tcp_out.c.obj
                0x0000000010008540                tcp_enqueue_flags
 .text.tcp_rexmit_rto_prepare
                0x0000000010008664       0x9c CMakeFiles/pico.dir/lib/pico-sdk/lib/lwip/src/core/tcp_out.c.obj
                0x0000000010008664                tcp_rexmit_rto_prepare
 .text.tcp_rexmit
                0x0000000010008700       0x9c CMakeFiles/pico.dir/lib/pico-sdk/lib/lwip/src/core/tcp_out.c.obj
                0x0000000010008700                tcp_rexmit
 .text.tcp_rexmit_fast
                0x000000001000879c       0x64 CMakeFiles/pico.dir/lib/pico-sdk/lib/lwip/src/core/tcp_out.c.obj
                0x000000001000879c                tcp_rexmit_fast
 .text.tcp_rst  0x0000000010008800       0xe8 CMakeFiles/pico.dir/lib/pico-sdk/lib/lwip/src/core/tcp_out.c.obj
                0x0000000010008800                tcp_rst
 .text.tcp_rst_netif
                0x00000000100088e8      0x130 CMakeFiles/pico.dir/lib/pico-sdk/lib/lwip/src/core/tcp_out.c.obj
                0x00000000100088e8                tcp_rst_netif
 .text.tcp_send_empty_ack
                0x0000000010008a18       0x54 CMakeFiles/pico.dir/lib/pico-sdk/lib/lwip/src/core/tcp_out.c.obj
                0x0000000010008a18                tcp_send_empty_ack
 .text.tcp_output
                0x0000000010008a6c      0x46c CMakeFiles/pico.dir/lib/pico-sdk/lib/lwip/src/core/tcp_out.c.obj
                0x0000000010008a6c                tcp_output
 .text.tcp_rexmit_rto_commit
                0x0000000010008ed8       0x24 CMakeFiles/pico.dir/lib/pico-sdk/lib/lwip/src/core/tcp_out.c.obj
                0x0000000010008ed8                tcp_rexmit_rto_commit
 .text.tcp_rexmit_rto
                0x0000000010008efc       0xa4 CMakeFiles/pico.dir/lib/pico-sdk/lib/lwip/src/core/tcp_out.c.obj
                0x0000000010008efc                tcp_rexmit_rto
 .text.tcp_keepalive
                0x0000000010008fa0       0xe0 CMakeFiles/pico.dir/lib/pico-sdk/lib/lwip/src/core/tcp_out.c.obj
                0x0000000010008fa0                tcp_keepalive
 .text.tcp_zero_window_probe
                0x0000000010009080      0x108 CMakeFiles/pico.dir/lib/pico-sdk/lib/lwip/src/core/tcp_out.c.obj
                0x0000000010009080                tcp_zero_window_probe
 .text.sys_timeout_abs
                0x0000000010009188       0x48 CMakeFiles/pico.dir/lib/pico-sdk/lib/lwip/src/core/timeouts.c.obj
 .text.lwip_cyclic_timer
                0x00000000100091d0       0x38 CMakeFiles/pico.dir/lib/pico-sdk/lib/lwip/src/core/timeouts.c.obj
 .text.tcpip_tcp_timer
                0x0000000010009208       0x3c CMakeFiles/pico.dir/lib/pico-sdk/lib/lwip/src/core/timeouts.c.obj
 .text.tcp_timer_needed
                0x0000000010009244       0x40 CMakeFiles/pico.dir/lib/pico-sdk/lib/lwip/src/core/timeouts.c.obj
                0x0000000010009244                tcp_timer_needed
 .text.sys_timeouts_init
                0x0000000010009284       0x90 CMakeFiles/pico.dir/lib/pico-sdk/lib/lwip/src/core/timeouts.c.obj
                0x0000000010009284                sys_timeouts_init
 .text.sys_check_timeouts
                0x0000000010009314       0x68 CMakeFiles/pico.dir/lib/pico-sdk/lib/lwip/src/core/timeouts.c.obj
                0x0000000010009314                sys_check_timeouts
 .text.sys_timeouts_sleeptime
                0x000000001000937c       0x28 CMakeFiles/pico.dir/lib/pico-sdk/lib/lwip/src/core/timeouts.c.obj
                0x000000001000937c                sys_timeouts_sleeptime
 .text.udp_init
                0x00000000100093a4       0x20 CMakeFiles/pico.dir/lib/pico-sdk/lib/lwip/src/core/udp.c.obj
                0x00000000100093a4                udp_init
 .text.udp_input
                0x00000000100093c4      0x24c CMakeFiles/pico.dir/lib/pico-sdk/lib/lwip/src/core/udp.c.obj
                0x00000000100093c4                udp_input
 .text.udp_bind
                0x0000000010009610      0x10c CMakeFiles/pico.dir/lib/pico-sdk/lib/lwip/src/core/udp.c.obj
                0x0000000010009610                udp_bind
 .text.udp_sendto_if_src
                0x000000001000971c      0x130 CMakeFiles/pico.dir/lib/pico-sdk/lib/lwip/src/core/udp.c.obj
                0x000000001000971c                udp_sendto_if_src
 .text.udp_sendto_if
                0x000000001000984c       0x48 CMakeFiles/pico.dir/lib/pico-sdk/lib/lwip/src/core/udp.c.obj
                0x000000001000984c                udp_sendto_if
 .text.udp_sendto
                0x0000000010009894       0x7c CMakeFiles/pico.dir/lib/pico-sdk/lib/lwip/src/core/udp.c.obj
                0x0000000010009894                udp_sendto
 .text.udp_connect
                0x0000000010009910       0x64 CMakeFiles/pico.dir/lib/pico-sdk/lib/lwip/src/core/udp.c.obj
                0x0000000010009910                udp_connect
 .text.udp_recv
                0x0000000010009974        0xc CMakeFiles/pico.dir/lib/pico-sdk/lib/lwip/src/core/udp.c.obj
                0x0000000010009974                udp_recv
 .text.udp_remove
                0x0000000010009980       0x3c CMakeFiles/pico.dir/lib/pico-sdk/lib/lwip/src/core/udp.c.obj
                0x0000000010009980                udp_remove
 .text.udp_new  0x00000000100099bc       0x1c CMakeFiles/pico.dir/lib/pico-sdk/lib/lwip/src/core/udp.c.obj
                0x00000000100099bc                udp_new
 .text.udp_netif_ip_addr_changed
                0x00000000100099d8       0x40 CMakeFiles/pico.dir/lib/pico-sdk/lib/lwip/src/core/udp.c.obj
                0x00000000100099d8                udp_netif_ip_addr_changed
 .text.dhcp_create_msg
                0x0000000010009a18      0x16c CMakeFiles/pico.dir/lib/pico-sdk/lib/lwip/src/core/ipv4/dhcp.c.obj
 .text.dhcp_inc_pcb_refcount
                0x0000000010009b84       0x6c CMakeFiles/pico.dir/lib/pico-sdk/lib/lwip/src/core/ipv4/dhcp.c.obj
 .text.dhcp_bind
                0x0000000010009bf0      0x140 CMakeFiles/pico.dir/lib/pico-sdk/lib/lwip/src/core/ipv4/dhcp.c.obj
 .text.dhcp_option_hostname.isra.0
                0x0000000010009d30       0x8c CMakeFiles/pico.dir/lib/pico-sdk/lib/lwip/src/core/ipv4/dhcp.c.obj
 .text.dhcp_handle_ack.isra.0
                0x0000000010009dbc       0xcc CMakeFiles/pico.dir/lib/pico-sdk/lib/lwip/src/core/ipv4/dhcp.c.obj
 .text.dhcp_reboot.isra.0
                0x0000000010009e88      0x1e4 CMakeFiles/pico.dir/lib/pico-sdk/lib/lwip/src/core/ipv4/dhcp.c.obj
 .text.dhcp_discover
                0x000000001000a06c      0x198 CMakeFiles/pico.dir/lib/pico-sdk/lib/lwip/src/core/ipv4/dhcp.c.obj
 .text.dhcp_select.isra.0
                0x000000001000a204      0x268 CMakeFiles/pico.dir/lib/pico-sdk/lib/lwip/src/core/ipv4/dhcp.c.obj
 .text.dhcp_recv
                0x000000001000a46c      0x494 CMakeFiles/pico.dir/lib/pico-sdk/lib/lwip/src/core/ipv4/dhcp.c.obj
 .text.dhcp_set_struct
                0x000000001000a900       0x44 CMakeFiles/pico.dir/lib/pico-sdk/lib/lwip/src/core/ipv4/dhcp.c.obj
                0x000000001000a900                dhcp_set_struct
 .text.dhcp_network_changed_link_up
                0x000000001000a944       0x40 CMakeFiles/pico.dir/lib/pico-sdk/lib/lwip/src/core/ipv4/dhcp.c.obj
                0x000000001000a944                dhcp_network_changed_link_up
 .text.dhcp_renew
                0x000000001000a984      0x1b8 CMakeFiles/pico.dir/lib/pico-sdk/lib/lwip/src/core/ipv4/dhcp.c.obj
                0x000000001000a984                dhcp_renew
 .text.dhcp_release_and_stop
                0x000000001000ab3c      0x180 CMakeFiles/pico.dir/lib/pico-sdk/lib/lwip/src/core/ipv4/dhcp.c.obj
                0x000000001000ab3c                dhcp_release_and_stop
 .text.dhcp_start
                0x000000001000acbc       0xb0 CMakeFiles/pico.dir/lib/pico-sdk/lib/lwip/src/core/ipv4/dhcp.c.obj
                0x000000001000acbc                dhcp_start
 .text.dhcp_coarse_tmr
                0x000000001000ad6c      0x238 CMakeFiles/pico.dir/lib/pico-sdk/lib/lwip/src/core/ipv4/dhcp.c.obj
                0x000000001000ad6c                dhcp_coarse_tmr
 .text.dhcp_fine_tmr
                0x000000001000afa4       0x78 CMakeFiles/pico.dir/lib/pico-sdk/lib/lwip/src/core/ipv4/dhcp.c.obj
                0x000000001000afa4                dhcp_fine_tmr
 .text.dhcp_stop
                0x000000001000b01c      0x180 CMakeFiles/pico.dir/lib/pico-sdk/lib/lwip/src/core/ipv4/dhcp.c.obj
                0x000000001000b01c                dhcp_stop
 .text.etharp_find_entry
                0x000000001000b19c     0x1fbc CMakeFiles/pico.dir/lib/pico-sdk/lib/lwip/src/core/ipv4/etharp.c.obj
 .text.etharp_raw
                0x000000001000d158       0xec CMakeFiles/pico.dir/lib/pico-sdk/lib/lwip/src/core/ipv4/etharp.c.obj
 .text.etharp_output_to_arp_index
                0x000000001000d244       0xe4 CMakeFiles/pico.dir/lib/pico-sdk/lib/lwip/src/core/ipv4/etharp.c.obj
 .text.etharp_tmr
                0x000000001000d328       0x94 CMakeFiles/pico.dir/lib/pico-sdk/lib/lwip/src/core/ipv4/etharp.c.obj
                0x000000001000d328                etharp_tmr
 .text.etharp_cleanup_netif
                0x000000001000d3bc      0x188 CMakeFiles/pico.dir/lib/pico-sdk/lib/lwip/src/core/ipv4/etharp.c.obj
                0x000000001000d3bc                etharp_cleanup_netif
 .text.etharp_input
                0x000000001000d544      0x1b0 CMakeFiles/pico.dir/lib/pico-sdk/lib/lwip/src/core/ipv4/etharp.c.obj
                0x000000001000d544                etharp_input
 .text.etharp_query
                0x000000001000d6f4      0x1c0 CMakeFiles/pico.dir/lib/pico-sdk/lib/lwip/src/core/ipv4/etharp.c.obj
                0x000000001000d6f4                etharp_query
 .text.etharp_output
                0x000000001000d8b4      0x24c CMakeFiles/pico.dir/lib/pico-sdk/lib/lwip/src/core/ipv4/etharp.c.obj
                0x000000001000d8b4                etharp_output
 .text.etharp_request
                0x000000001000db00       0x2c CMakeFiles/pico.dir/lib/pico-sdk/lib/lwip/src/core/ipv4/etharp.c.obj
                0x000000001000db00                etharp_request
 .text.icmp_input
                0x000000001000db2c      0x1e8 CMakeFiles/pico.dir/lib/pico-sdk/lib/lwip/src/core/ipv4/icmp.c.obj
                0x000000001000db2c                icmp_input
 .text.icmp_dest_unreach
                0x000000001000dd14       0xd0 CMakeFiles/pico.dir/lib/pico-sdk/lib/lwip/src/core/ipv4/icmp.c.obj
                0x000000001000dd14                icmp_dest_unreach
 .text.icmp_time_exceeded
                0x000000001000dde4       0xd0 CMakeFiles/pico.dir/lib/pico-sdk/lib/lwip/src/core/ipv4/icmp.c.obj
                0x000000001000dde4                icmp_time_exceeded
 .text.ip_reass_free_complete_datagram
                0x000000001000deb4      0x114 CMakeFiles/pico.dir/lib/pico-sdk/lib/lwip/src/core/ipv4/ip4_frag.c.obj
 .text.ip_reass_remove_oldest_datagram
                0x000000001000dfc8       0xd8 CMakeFiles/pico.dir/lib/pico-sdk/lib/lwip/src/core/ipv4/ip4_frag.c.obj
 .text.ip_reass_tmr
                0x000000001000e0a0       0x38 CMakeFiles/pico.dir/lib/pico-sdk/lib/lwip/src/core/ipv4/ip4_frag.c.obj
                0x000000001000e0a0                ip_reass_tmr
 .text.ip4_reass
                0x000000001000e0d8      0x534 CMakeFiles/pico.dir/lib/pico-sdk/lib/lwip/src/core/ipv4/ip4_frag.c.obj
                0x000000001000e0d8                ip4_reass
 .text.ip4_frag
                0x000000001000e60c      0x17c CMakeFiles/pico.dir/lib/pico-sdk/lib/lwip/src/core/ipv4/ip4_frag.c.obj
                0x000000001000e60c                ip4_frag
 .text.ip4_route
                0x000000001000e788       0x7c CMakeFiles/pico.dir/lib/pico-sdk/lib/lwip/src/core/ipv4/ip4.c.obj
                0x000000001000e788                ip4_route
 .text.ip4_input
                0x000000001000e804      0x2cc CMakeFiles/pico.dir/lib/pico-sdk/lib/lwip/src/core/ipv4/ip4.c.obj
                0x000000001000e804                ip4_input
 .text.ip4_output_if
                0x000000001000ead0      0x190 CMakeFiles/pico.dir/lib/pico-sdk/lib/lwip/src/core/ipv4/ip4.c.obj
                0x000000001000ead0                ip4_output_if
 .text.ip4_output_if_src
                0x000000001000ec60      0x17c CMakeFiles/pico.dir/lib/pico-sdk/lib/lwip/src/core/ipv4/ip4.c.obj
                0x000000001000ec60                ip4_output_if_src
 .text.ip4_addr_isbroadcast_u32
                0x000000001000eddc       0x3c CMakeFiles/pico.dir/lib/pico-sdk/lib/lwip/src/core/ipv4/ip4_addr.c.obj
                0x000000001000eddc                ip4_addr_isbroadcast_u32
 .text.ip4addr_ntoa
                0x000000001000ee18       0xdc CMakeFiles/pico.dir/lib/pico-sdk/lib/lwip/src/core/ipv4/ip4_addr.c.obj
                0x000000001000ee18                ip4addr_ntoa
 .text.ethernet_input
                0x000000001000eef4       0xd0 CMakeFiles/pico.dir/lib/pico-sdk/lib/lwip/src/netif/ethernet.c.obj
                0x000000001000eef4                ethernet_input
 .text.ethernet_output
                0x000000001000efc4       0x6c CMakeFiles/pico.dir/lib/pico-sdk/lib/lwip/src/netif/ethernet.c.obj
                0x000000001000efc4                ethernet_output
 .text.cyw43_arch_wifi_connect_bssid_until.part.0
                0x000000001000f030       0xd8 CMakeFiles/pico.dir/lib/pico-sdk/src/rp2_common/pico_cyw43_arch/cyw43_arch.c.obj
 .text.cyw43_arch_set_async_context
                0x000000001000f108        0xc CMakeFiles/pico.dir/lib/pico-sdk/src/rp2_common/pico_cyw43_arch/cyw43_arch.c.obj
                0x000000001000f108                cyw43_arch_set_async_context
 .text.cyw43_arch_enable_sta_mode
                0x000000001000f114       0x1c CMakeFiles/pico.dir/lib/pico-sdk/src/rp2_common/pico_cyw43_arch/cyw43_arch.c.obj
                0x000000001000f114                cyw43_arch_enable_sta_mode
 .text.cyw43_arch_wifi_connect_timeout_ms
                0x000000001000f130       0x9c CMakeFiles/pico.dir/lib/pico-sdk/src/rp2_common/pico_cyw43_arch/cyw43_arch.c.obj
                0x000000001000f130                cyw43_arch_wifi_connect_timeout_ms
 .text.cyw43_arch_gpio_put
                0x000000001000f1cc       0x14 CMakeFiles/pico.dir/lib/pico-sdk/src/rp2_common/pico_cyw43_arch/cyw43_arch.c.obj
                0x000000001000f1cc                cyw43_arch_gpio_put
 .text.cyw43_arch_async_context
                0x000000001000f1e0        0xc CMakeFiles/pico.dir/lib/pico-sdk/src/rp2_common/pico_cyw43_arch/cyw43_arch.c.obj
                0x000000001000f1e0                cyw43_arch_async_context
 .text.cyw43_arch_init
                0x000000001000f1ec       0x80 CMakeFiles/pico.dir/lib/pico-sdk/src/rp2_common/pico_cyw43_arch/cyw43_arch_threadsafe_background.c.obj
                0x000000001000f1ec                cyw43_arch_init
 .text.cyw43_arch_deinit
                0x000000001000f26c       0x30 CMakeFiles/pico.dir/lib/pico-sdk/src/rp2_common/pico_cyw43_arch/cyw43_arch_threadsafe_background.c.obj
                0x000000001000f26c                cyw43_arch_deinit
 .text.ns_delay.constprop.0
                0x000000001000f29c       0x20 CMakeFiles/pico.dir/lib/pico-sdk/src/rp2_common/pico_cyw43_driver/cyw43_bus_pio_spi.c.obj
 .text.cyw43_spi_deinit
                0x000000001000f2bc       0x7c CMakeFiles/pico.dir/lib/pico-sdk/src/rp2_common/pico_cyw43_driver/cyw43_bus_pio_spi.c.obj
                0x000000001000f2bc                cyw43_spi_deinit
 .text.cyw43_spi_init
                0x000000001000f338      0x154 CMakeFiles/pico.dir/lib/pico-sdk/src/rp2_common/pico_cyw43_driver/cyw43_bus_pio_spi.c.obj
                0x000000001000f338                cyw43_spi_init
 .text.cyw43_spi_transfer
                0x000000001000f48c      0x430 CMakeFiles/pico.dir/lib/pico-sdk/src/rp2_common/pico_cyw43_driver/cyw43_bus_pio_spi.c.obj
                0x000000001000f48c                cyw43_spi_transfer
 .text.cyw43_spi_gpio_setup
                0x000000001000f8bc       0x3c CMakeFiles/pico.dir/lib/pico-sdk/src/rp2_common/pico_cyw43_driver/cyw43_bus_pio_spi.c.obj
                0x000000001000f8bc                cyw43_spi_gpio_setup
 .text.cyw43_spi_reset
                0x000000001000f8f8       0x28 CMakeFiles/pico.dir/lib/pico-sdk/src/rp2_common/pico_cyw43_driver/cyw43_bus_pio_spi.c.obj
                0x000000001000f8f8                cyw43_spi_reset
 .text.read_reg_u32_swap
                0x000000001000f920       0x3c CMakeFiles/pico.dir/lib/pico-sdk/src/rp2_common/pico_cyw43_driver/cyw43_bus_pio_spi.c.obj
                0x000000001000f920                read_reg_u32_swap
 .text.cyw43_read_reg_u32
                0x000000001000f95c       0x6c CMakeFiles/pico.dir/lib/pico-sdk/src/rp2_common/pico_cyw43_driver/cyw43_bus_pio_spi.c.obj
                0x000000001000f95c                cyw43_read_reg_u32
 .text.cyw43_read_reg_u16
                0x000000001000f9c8       0x6c CMakeFiles/pico.dir/lib/pico-sdk/src/rp2_common/pico_cyw43_driver/cyw43_bus_pio_spi.c.obj
                0x000000001000f9c8                cyw43_read_reg_u16
 .text.cyw43_read_reg_u8
                0x000000001000fa34       0x6c CMakeFiles/pico.dir/lib/pico-sdk/src/rp2_common/pico_cyw43_driver/cyw43_bus_pio_spi.c.obj
                0x000000001000fa34                cyw43_read_reg_u8
 .text.write_reg_u32_swap
                0x000000001000faa0      0x1e0 CMakeFiles/pico.dir/lib/pico-sdk/src/rp2_common/pico_cyw43_driver/cyw43_bus_pio_spi.c.obj
                0x000000001000faa0                write_reg_u32_swap
 .text.cyw43_write_reg_u32
                0x000000001000fc80      0x200 CMakeFiles/pico.dir/lib/pico-sdk/src/rp2_common/pico_cyw43_driver/cyw43_bus_pio_spi.c.obj
                0x000000001000fc80                cyw43_write_reg_u32
 .text.cyw43_write_reg_u16
                0x000000001000fe80      0x200 CMakeFiles/pico.dir/lib/pico-sdk/src/rp2_common/pico_cyw43_driver/cyw43_bus_pio_spi.c.obj
                0x000000001000fe80                cyw43_write_reg_u16
 .text.cyw43_write_reg_u8
                0x0000000010010080      0x200 CMakeFiles/pico.dir/lib/pico-sdk/src/rp2_common/pico_cyw43_driver/cyw43_bus_pio_spi.c.obj
                0x0000000010010080                cyw43_write_reg_u8
 .text.cyw43_read_bytes
                0x0000000010010280       0x78 CMakeFiles/pico.dir/lib/pico-sdk/src/rp2_common/pico_cyw43_driver/cyw43_bus_pio_spi.c.obj
                0x0000000010010280                cyw43_read_bytes
 .text.cyw43_write_bytes
                0x00000000100102f8       0xec CMakeFiles/pico.dir/lib/pico-sdk/src/rp2_common/pico_cyw43_driver/cyw43_bus_pio_spi.c.obj
                0x00000000100102f8                cyw43_write_bytes
 .text.cyw43_set_backplane_window
                0x00000000100103e4       0x64 CMakeFiles/pico.dir/lib/pico-sdk/lib/cyw43-driver/src/cyw43_ll.c.obj
 .text.cyw43_ll_parse_async_event
                0x0000000010010448      0x13c CMakeFiles/pico.dir/lib/pico-sdk/lib/cyw43-driver/src/cyw43_ll.c.obj
 .text.cyw43_kso_set
                0x0000000010010584       0xa0 CMakeFiles/pico.dir/lib/pico-sdk/lib/cyw43-driver/src/cyw43_ll.c.obj
 .text.cyw43_ll_sdpcm_poll_device
                0x0000000010010624      0x238 CMakeFiles/pico.dir/lib/pico-sdk/lib/cyw43-driver/src/cyw43_ll.c.obj
 .text.cyw43_sdpcm_send_common
                0x000000001001085c       0xf0 CMakeFiles/pico.dir/lib/pico-sdk/lib/cyw43-driver/src/cyw43_ll.c.obj
 .text.cyw43_do_ioctl
                0x000000001001094c      0x110 CMakeFiles/pico.dir/lib/pico-sdk/lib/cyw43-driver/src/cyw43_ll.c.obj
 .text.cyw43_do_ioctl.constprop.0
                0x0000000010010a5c      0x108 CMakeFiles/pico.dir/lib/pico-sdk/lib/cyw43-driver/src/cyw43_ll.c.obj
 .text.cyw43_read_backplane.constprop.0
                0x0000000010010b64       0xdc CMakeFiles/pico.dir/lib/pico-sdk/lib/cyw43-driver/src/cyw43_ll.c.obj
 .text.reset_device_core.constprop.0
                0x0000000010010c40      0x3f0 CMakeFiles/pico.dir/lib/pico-sdk/lib/cyw43-driver/src/cyw43_ll.c.obj
 .text.cyw43_ll_init
                0x0000000010011030       0x1c CMakeFiles/pico.dir/lib/pico-sdk/lib/cyw43-driver/src/cyw43_ll.c.obj
                0x0000000010011030                cyw43_ll_init
 .text.cyw43_ll_deinit
                0x000000001001104c        0x8 CMakeFiles/pico.dir/lib/pico-sdk/lib/cyw43-driver/src/cyw43_ll.c.obj
                0x000000001001104c                cyw43_ll_deinit
 .text.cyw43_ll_send_ethernet
                0x0000000010011054       0x60 CMakeFiles/pico.dir/lib/pico-sdk/lib/cyw43-driver/src/cyw43_ll.c.obj
                0x0000000010011054                cyw43_ll_send_ethernet
 .text.cyw43_ll_process_packets
                0x00000000100110b4       0x54 CMakeFiles/pico.dir/lib/pico-sdk/lib/cyw43-driver/src/cyw43_ll.c.obj
                0x00000000100110b4                cyw43_ll_process_packets
 .text.cyw43_ll_ioctl
                0x0000000010011108       0x20 CMakeFiles/pico.dir/lib/pico-sdk/lib/cyw43-driver/src/cyw43_ll.c.obj
                0x0000000010011108                cyw43_ll_ioctl
 .text.cyw43_ll_bus_sleep
                0x0000000010011128       0x34 CMakeFiles/pico.dir/lib/pico-sdk/lib/cyw43-driver/src/cyw43_ll.c.obj
                0x0000000010011128                cyw43_ll_bus_sleep
 .text.cyw43_ll_bus_init
                0x000000001001115c      0xbf0 CMakeFiles/pico.dir/lib/pico-sdk/lib/cyw43-driver/src/cyw43_ll.c.obj
                0x000000001001115c                cyw43_ll_bus_init
 .text.cyw43_ll_wifi_on
                0x0000000010011d4c      0x240 CMakeFiles/pico.dir/lib/pico-sdk/lib/cyw43-driver/src/cyw43_ll.c.obj
                0x0000000010011d4c                cyw43_ll_wifi_on
 .text.cyw43_ll_wifi_get_mac
                0x0000000010011f8c       0x44 CMakeFiles/pico.dir/lib/pico-sdk/lib/cyw43-driver/src/cyw43_ll.c.obj
                0x0000000010011f8c                cyw43_ll_wifi_get_mac
 .text.cyw43_ll_wifi_pm
                0x0000000010011fd0      0x194 CMakeFiles/pico.dir/lib/pico-sdk/lib/cyw43-driver/src/cyw43_ll.c.obj
                0x0000000010011fd0                cyw43_ll_wifi_pm
 .text.cyw43_ll_wifi_join
                0x0000000010012164      0x310 CMakeFiles/pico.dir/lib/pico-sdk/lib/cyw43-driver/src/cyw43_ll.c.obj
                0x0000000010012164                cyw43_ll_wifi_join
 .text.cyw43_ll_wifi_set_wpa_auth
                0x0000000010012474       0x2c CMakeFiles/pico.dir/lib/pico-sdk/lib/cyw43-driver/src/cyw43_ll.c.obj
                0x0000000010012474                cyw43_ll_wifi_set_wpa_auth
 .text.cyw43_ll_wifi_rejoin
                0x00000000100124a0       0x1c CMakeFiles/pico.dir/lib/pico-sdk/lib/cyw43-driver/src/cyw43_ll.c.obj
                0x00000000100124a0                cyw43_ll_wifi_rejoin
 .text.cyw43_ll_wifi_ap_init
                0x00000000100124bc      0x2c4 CMakeFiles/pico.dir/lib/pico-sdk/lib/cyw43-driver/src/cyw43_ll.c.obj
                0x00000000100124bc                cyw43_ll_wifi_ap_init
 .text.cyw43_ll_wifi_ap_set_up
                0x0000000010012780       0x54 CMakeFiles/pico.dir/lib/pico-sdk/lib/cyw43-driver/src/cyw43_ll.c.obj
                0x0000000010012780                cyw43_ll_wifi_ap_set_up
 .text.cyw43_ll_gpio_set
                0x00000000100127d4       0x6c CMakeFiles/pico.dir/lib/pico-sdk/lib/cyw43-driver/src/cyw43_ll.c.obj
                0x00000000100127d4                cyw43_ll_gpio_set
 .text.cyw43_ll_has_work
                0x0000000010012840       0x14 CMakeFiles/pico.dir/lib/pico-sdk/lib/cyw43-driver/src/cyw43_ll.c.obj
                0x0000000010012840                cyw43_ll_has_work
 .text.cyw43_netif_init
                0x0000000010012854       0x3c CMakeFiles/pico.dir/lib/pico-sdk/lib/cyw43-driver/src/cyw43_lwip.c.obj
 .text.cyw43_netif_output
                0x0000000010012890       0x34 CMakeFiles/pico.dir/lib/pico-sdk/lib/cyw43-driver/src/cyw43_lwip.c.obj
 .text.cyw43_cb_tcpip_init
                0x00000000100128c4       0xfc CMakeFiles/pico.dir/lib/pico-sdk/lib/cyw43-driver/src/cyw43_lwip.c.obj
                0x00000000100128c4                cyw43_cb_tcpip_init
 .text.cyw43_cb_tcpip_deinit
                0x00000000100129c0       0x4c CMakeFiles/pico.dir/lib/pico-sdk/lib/cyw43-driver/src/cyw43_lwip.c.obj
                0x00000000100129c0                cyw43_cb_tcpip_deinit
 .text.cyw43_cb_process_ethernet
                0x0000000010012a0c       0x68 CMakeFiles/pico.dir/lib/pico-sdk/lib/cyw43-driver/src/cyw43_lwip.c.obj
                0x0000000010012a0c                cyw43_cb_process_ethernet
 .text.cyw43_cb_tcpip_set_link_up
                0x0000000010012a74       0x18 CMakeFiles/pico.dir/lib/pico-sdk/lib/cyw43-driver/src/cyw43_lwip.c.obj
                0x0000000010012a74                cyw43_cb_tcpip_set_link_up
 .text.cyw43_cb_tcpip_set_link_down
                0x0000000010012a8c       0x18 CMakeFiles/pico.dir/lib/pico-sdk/lib/cyw43-driver/src/cyw43_lwip.c.obj
                0x0000000010012a8c                cyw43_cb_tcpip_set_link_down
 .text.cyw43_tcpip_link_status
                0x0000000010012aa4       0x34 CMakeFiles/pico.dir/lib/pico-sdk/lib/cyw43-driver/src/cyw43_lwip.c.obj
                0x0000000010012aa4                cyw43_tcpip_link_status
 .text.cyw43_poll_func
                0x0000000010012ad8       0xc0 CMakeFiles/pico.dir/lib/pico-sdk/lib/cyw43-driver/src/cyw43_ctrl.c.obj
 .text.cyw43_init
                0x0000000010012b98       0x6c CMakeFiles/pico.dir/lib/pico-sdk/lib/cyw43-driver/src/cyw43_ctrl.c.obj
                0x0000000010012b98                cyw43_init
 .text.cyw43_deinit
                0x0000000010012c04       0x90 CMakeFiles/pico.dir/lib/pico-sdk/lib/cyw43-driver/src/cyw43_ctrl.c.obj
                0x0000000010012c04                cyw43_deinit
 .text.cyw43_cb_read_host_interrupt_pin
                0x0000000010012c94        0xc CMakeFiles/pico.dir/lib/pico-sdk/lib/cyw43-driver/src/cyw43_ctrl.c.obj
                0x0000000010012c94                cyw43_cb_read_host_interrupt_pin
 .text.cyw43_cb_ensure_awake
                0x0000000010012ca0        0xc CMakeFiles/pico.dir/lib/pico-sdk/lib/cyw43-driver/src/cyw43_ctrl.c.obj
                0x0000000010012ca0                cyw43_cb_ensure_awake
 .text.cyw43_cb_process_async_event
                0x0000000010012cac      0x228 CMakeFiles/pico.dir/lib/pico-sdk/lib/cyw43-driver/src/cyw43_ctrl.c.obj
                0x0000000010012cac                cyw43_cb_process_async_event
 .text.cyw43_send_ethernet
                0x0000000010012ed4       0xc0 CMakeFiles/pico.dir/lib/pico-sdk/lib/cyw43-driver/src/cyw43_ctrl.c.obj
                0x0000000010012ed4                cyw43_send_ethernet
 .text.cyw43_wifi_get_mac
                0x0000000010012f94       0x10 CMakeFiles/pico.dir/lib/pico-sdk/lib/cyw43-driver/src/cyw43_ctrl.c.obj
                0x0000000010012f94                cyw43_wifi_get_mac
 .text.cyw43_wifi_set_up
                0x0000000010012fa4      0x308 CMakeFiles/pico.dir/lib/pico-sdk/lib/cyw43-driver/src/cyw43_ctrl.c.obj
                0x0000000010012fa4                cyw43_wifi_set_up
 .text.cyw43_wifi_link_status
                0x00000000100132ac       0x3c CMakeFiles/pico.dir/lib/pico-sdk/lib/cyw43-driver/src/cyw43_ctrl.c.obj
                0x00000000100132ac                cyw43_wifi_link_status
 .text.cyw43_wifi_join
                0x00000000100132e8       0xf4 CMakeFiles/pico.dir/lib/pico-sdk/lib/cyw43-driver/src/cyw43_ctrl.c.obj
                0x00000000100132e8                cyw43_wifi_join
 .text.cyw43_gpio_set
                0x00000000100133dc       0xa0 CMakeFiles/pico.dir/lib/pico-sdk/lib/cyw43-driver/src/cyw43_ctrl.c.obj
                0x00000000100133dc                cyw43_gpio_set
 .text.pio_sm_unclaim
                0x000000001001347c       0x20 CMakeFiles/pico.dir/lib/pico-sdk/src/rp2_common/hardware_pio/pio.c.obj
                0x000000001001347c                pio_sm_unclaim
 .text.pio_claim_unused_sm
                0x000000001001349c       0x3c CMakeFiles/pico.dir/lib/pico-sdk/src/rp2_common/hardware_pio/pio.c.obj
                0x000000001001349c                pio_claim_unused_sm
 .text.pio_can_add_program
                0x00000000100134d8       0x68 CMakeFiles/pico.dir/lib/pico-sdk/src/rp2_common/hardware_pio/pio.c.obj
                0x00000000100134d8                pio_can_add_program
 .text.pio_add_program
                0x0000000010013540       0xc8 CMakeFiles/pico.dir/lib/pico-sdk/src/rp2_common/hardware_pio/pio.c.obj
                0x0000000010013540                pio_add_program
 .text.pio_remove_program
                0x0000000010013608       0x34 CMakeFiles/pico.dir/lib/pico-sdk/src/rp2_common/hardware_pio/pio.c.obj
                0x0000000010013608                pio_remove_program
 .text.pio_sm_set_pindirs_with_mask
                0x000000001001363c       0xa4 CMakeFiles/pico.dir/lib/pico-sdk/src/rp2_common/hardware_pio/pio.c.obj
                0x000000001001363c                pio_sm_set_pindirs_with_mask
 .text.pio_sm_set_consecutive_pindirs
                0x00000000100136e0       0xb0 CMakeFiles/pico.dir/lib/pico-sdk/src/rp2_common/hardware_pio/pio.c.obj
                0x00000000100136e0                pio_sm_set_consecutive_pindirs
 .text.dma_channel_unclaim
                0x0000000010013790       0x10 CMakeFiles/pico.dir/lib/pico-sdk/src/rp2_common/hardware_dma/dma.c.obj
                0x0000000010013790                dma_channel_unclaim
 .text.dma_claim_unused_channel
                0x00000000100137a0       0x20 CMakeFiles/pico.dir/lib/pico-sdk/src/rp2_common/hardware_dma/dma.c.obj
                0x00000000100137a0                dma_claim_unused_channel
 .text.dma_channel_cleanup
                0x00000000100137c0       0x60 CMakeFiles/pico.dir/lib/pico-sdk/src/rp2_common/hardware_dma/dma.c.obj
                0x00000000100137c0                dma_channel_cleanup
 .text.cyw43_sleep_timeout_reached
                0x0000000010013820       0x10 CMakeFiles/pico.dir/lib/pico-sdk/src/rp2_common/pico_cyw43_driver/cyw43_driver.c.obj
 .text.cyw43_irq_init
                0x0000000010013830       0x28 CMakeFiles/pico.dir/lib/pico-sdk/src/rp2_common/pico_cyw43_driver/cyw43_driver.c.obj
                0x0000000010013830                cyw43_irq_init
 .text.cyw43_irq_deinit
                0x0000000010013858       0x20 CMakeFiles/pico.dir/lib/pico-sdk/src/rp2_common/pico_cyw43_driver/cyw43_driver.c.obj
                0x0000000010013858                cyw43_irq_deinit
 .text.cyw43_gpio_irq_handler
                0x0000000010013878       0x44 CMakeFiles/pico.dir/lib/pico-sdk/src/rp2_common/pico_cyw43_driver/cyw43_driver.c.obj
 .text.cyw43_do_poll
                0x00000000100138bc       0x6c CMakeFiles/pico.dir/lib/pico-sdk/src/rp2_common/pico_cyw43_driver/cyw43_driver.c.obj
 .text.cyw43_post_poll_hook
                0x0000000010013928       0x10 CMakeFiles/pico.dir/lib/pico-sdk/src/rp2_common/pico_cyw43_driver/cyw43_driver.c.obj
                0x0000000010013928                cyw43_post_poll_hook
 .text.cyw43_schedule_internal_poll_dispatch
                0x0000000010013938       0x18 CMakeFiles/pico.dir/lib/pico-sdk/src/rp2_common/pico_cyw43_driver/cyw43_driver.c.obj
                0x0000000010013938                cyw43_schedule_internal_poll_dispatch
 .text.cyw43_driver_init
                0x0000000010013950       0x38 CMakeFiles/pico.dir/lib/pico-sdk/src/rp2_common/pico_cyw43_driver/cyw43_driver.c.obj
                0x0000000010013950                cyw43_driver_init
 .text.cyw43_driver_deinit
                0x0000000010013988       0x44 CMakeFiles/pico.dir/lib/pico-sdk/src/rp2_common/pico_cyw43_driver/cyw43_driver.c.obj
                0x0000000010013988                cyw43_driver_deinit
 .text.cyw43_hal_generate_laa_mac
                0x00000000100139cc       0x28 CMakeFiles/pico.dir/lib/pico-sdk/src/rp2_common/pico_cyw43_driver/cyw43_driver.c.obj
                0x00000000100139cc                cyw43_hal_generate_laa_mac
 .text.cyw43_hal_get_mac
                0x00000000100139f4       0x1c CMakeFiles/pico.dir/lib/pico-sdk/src/rp2_common/pico_cyw43_driver/cyw43_driver.c.obj
                0x00000000100139f4                cyw43_hal_get_mac
 .text.cyw43_thread_enter
                0x0000000010013a10       0x14 CMakeFiles/pico.dir/lib/pico-sdk/src/rp2_common/pico_cyw43_driver/cyw43_driver.c.obj
                0x0000000010013a10                cyw43_thread_enter
 .text.cyw43_thread_exit
                0x0000000010013a24       0x14 CMakeFiles/pico.dir/lib/pico-sdk/src/rp2_common/pico_cyw43_driver/cyw43_driver.c.obj
                0x0000000010013a24                cyw43_thread_exit
 .text.cyw43_await_background_or_timeout_us
                0x0000000010013a38       0x34 CMakeFiles/pico.dir/lib/pico-sdk/src/rp2_common/pico_cyw43_driver/cyw43_driver.c.obj
                0x0000000010013a38                cyw43_await_background_or_timeout_us
 .text.cyw43_delay_ms
                0x0000000010013a6c       0x44 CMakeFiles/pico.dir/lib/pico-sdk/src/rp2_common/pico_cyw43_driver/cyw43_driver.c.obj
                0x0000000010013a6c                cyw43_delay_ms
 .text.cyw43_delay_us
                0x0000000010013ab0       0x34 CMakeFiles/pico.dir/lib/pico-sdk/src/rp2_common/pico_cyw43_driver/cyw43_driver.c.obj
                0x0000000010013ab0                cyw43_delay_us
 .text.handle_sync_func_call
                0x0000000010013ae4       0x24 CMakeFiles/pico.dir/lib/pico-sdk/src/rp2_common/pico_async_context/async_context_threadsafe_background.c.obj
 .text.async_context_threadsafe_background_acquire_lock_blocking
                0x0000000010013b08        0xc CMakeFiles/pico.dir/lib/pico-sdk/src/rp2_common/pico_async_context/async_context_threadsafe_background.c.obj
 .text.process_under_lock
                0x0000000010013b14       0xc8 CMakeFiles/pico.dir/lib/pico-sdk/src/rp2_common/pico_async_context/async_context_threadsafe_background.c.obj
 .text.async_context_threadsafe_background_deinit
                0x0000000010013bdc       0x64 CMakeFiles/pico.dir/lib/pico-sdk/src/rp2_common/pico_async_context/async_context_threadsafe_background.c.obj
 .text.low_priority_irq_handler
                0x0000000010013c40       0x3c CMakeFiles/pico.dir/lib/pico-sdk/src/rp2_common/pico_async_context/async_context_threadsafe_background.c.obj
 .text.async_context_threadsafe_background_wait_for_work_until
                0x0000000010013c7c        0xc CMakeFiles/pico.dir/lib/pico-sdk/src/rp2_common/pico_async_context/async_context_threadsafe_background.c.obj
 .text.async_context_threadsafe_background_wait_until
                0x0000000010013c88       0x1c CMakeFiles/pico.dir/lib/pico-sdk/src/rp2_common/pico_async_context/async_context_threadsafe_background.c.obj
 .text.async_context_threadsafe_background_lock_check
                0x0000000010013ca4       0x28 CMakeFiles/pico.dir/lib/pico-sdk/src/rp2_common/pico_async_context/async_context_threadsafe_background.c.obj
 .text.async_context_threadsafe_background_execute_sync
                0x0000000010013ccc       0xe4 CMakeFiles/pico.dir/lib/pico-sdk/src/rp2_common/pico_async_context/async_context_threadsafe_background.c.obj
                0x0000000010013ccc                async_context_threadsafe_background_execute_sync
 .text.async_context_threadsafe_background_set_work_pending
                0x0000000010013db0       0x50 CMakeFiles/pico.dir/lib/pico-sdk/src/rp2_common/pico_async_context/async_context_threadsafe_background.c.obj
 .text.alarm_handler
                0x0000000010013e00       0x58 CMakeFiles/pico.dir/lib/pico-sdk/src/rp2_common/pico_async_context/async_context_threadsafe_background.c.obj
 .text.async_context_threadsafe_background_release_lock
                0x0000000010013e58       0x7c CMakeFiles/pico.dir/lib/pico-sdk/src/rp2_common/pico_async_context/async_context_threadsafe_background.c.obj
 .text.async_context_threadsafe_background_when_pending_worker
                0x0000000010013ed4       0x90 CMakeFiles/pico.dir/lib/pico-sdk/src/rp2_common/pico_async_context/async_context_threadsafe_background.c.obj
 .text.async_context_threadsafe_background_remove_at_time_worker
                0x0000000010013f64       0x90 CMakeFiles/pico.dir/lib/pico-sdk/src/rp2_common/pico_async_context/async_context_threadsafe_background.c.obj
 .text.async_context_threadsafe_background_add_when_pending_worker
                0x0000000010013ff4       0x90 CMakeFiles/pico.dir/lib/pico-sdk/src/rp2_common/pico_async_context/async_context_threadsafe_background.c.obj
 .text.async_context_threadsafe_background_add_at_time_worker
                0x0000000010014084       0x90 CMakeFiles/pico.dir/lib/pico-sdk/src/rp2_common/pico_async_context/async_context_threadsafe_background.c.obj
 .text.async_context_threadsafe_background_default_config
                0x0000000010014114        0xc CMakeFiles/pico.dir/lib/pico-sdk/src/rp2_common/pico_async_context/async_context_threadsafe_background.c.obj
                0x0000000010014114                async_context_threadsafe_background_default_config
 .text.async_context_threadsafe_background_init
                0x0000000010014120       0xa4 CMakeFiles/pico.dir/lib/pico-sdk/src/rp2_common/pico_async_context/async_context_threadsafe_background.c.obj
                0x0000000010014120                async_context_threadsafe_background_init
 .text.runtime_init
                0x00000000100141c4       0xf0 CMakeFiles/pico.dir/lib/pico-sdk/src/rp2_common/pico_runtime/runtime.c.obj
                0x00000000100141c4                runtime_init
 .text._exit    0x00000000100142b4        0x4 CMakeFiles/pico.dir/lib/pico-sdk/src/rp2_common/pico_runtime/runtime.c.obj
                0x00000000100142b4                _exit
 .text._sbrk    0x00000000100142b8       0x34 CMakeFiles/pico.dir/lib/pico-sdk/src/rp2_common/pico_runtime/runtime.c.obj
                0x00000000100142b8                _sbrk
 .text.exit     0x00000000100142ec        0x8 CMakeFiles/pico.dir/lib/pico-sdk/src/rp2_common/pico_runtime/runtime.c.obj
                0x00000000100142ec                exit
 .text.panic    0x00000000100142f4       0x30 CMakeFiles/pico.dir/lib/pico-sdk/src/rp2_common/pico_runtime/runtime.c.obj
                0x00000000100142f4                panic
 .text.hard_assertion_failure
                0x0000000010014324        0xc CMakeFiles/pico.dir/lib/pico-sdk/src/rp2_common/pico_runtime/runtime.c.obj
                0x0000000010014324                hard_assertion_failure
 .text._out_null
                0x0000000010014330        0x4 CMakeFiles/pico.dir/lib/pico-sdk/src/rp2_common/pico_printf/printf.c.obj
 .text._out_rev
                0x0000000010014334       0x9c CMakeFiles/pico.dir/lib/pico-sdk/src/rp2_common/pico_printf/printf.c.obj
 .text._ntoa_format
                0x00000000100143d0      0x1cc CMakeFiles/pico.dir/lib/pico-sdk/src/rp2_common/pico_printf/printf.c.obj
 .text._out_char
                0x000000001001459c       0x10 CMakeFiles/pico.dir/lib/pico-sdk/src/rp2_common/pico_printf/printf.c.obj
 .text._out_fct
                0x00000000100145ac       0x10 CMakeFiles/pico.dir/lib/pico-sdk/src/rp2_common/pico_printf/printf.c.obj
 .text._etoa    0x00000000100145bc      0x44c CMakeFiles/pico.dir/lib/pico-sdk/src/rp2_common/pico_printf/printf.c.obj
 .text._ftoa    0x0000000010014a08      0x398 CMakeFiles/pico.dir/lib/pico-sdk/src/rp2_common/pico_printf/printf.c.obj
 .text._vsnprintf
                0x0000000010014da0      0xb04 CMakeFiles/pico.dir/lib/pico-sdk/src/rp2_common/pico_printf/printf.c.obj
 .text.vfctprintf
                0x00000000100158a4       0x20 CMakeFiles/pico.dir/lib/pico-sdk/src/rp2_common/pico_printf/printf.c.obj
                0x00000000100158a4                vfctprintf
 .text.weak_raw_vprintf
                0x00000000100158c4       0x30 CMakeFiles/pico.dir/lib/pico-sdk/src/rp2_common/pico_printf/printf.c.obj
                0x00000000100158c4                weak_raw_vprintf
 .text          0x00000000100158f4       0x10 CMakeFiles/pico.dir/lib/pico-sdk/src/rp2_common/pico_bit_ops/bit_ops_aeabi.S.obj
 .text.ctzsi    0x0000000010015904        0xc CMakeFiles/pico.dir/lib/pico-sdk/src/rp2_common/pico_bit_ops/bit_ops_aeabi.S.obj
                0x0000000010015904                __wrap___ctzsi2
 .text.__wrap___aeabi_idiv
                0x0000000010015910       0x50 CMakeFiles/pico.dir/lib/pico-sdk/src/rp2_common/pico_divider/divider.S.obj
                0x0000000010015910                __wrap___aeabi_idivmod
                0x0000000010015910                divmod_s32s32
                0x0000000010015910                div_s32s32
                0x0000000010015910                __wrap___aeabi_idiv
                0x0000000010015918                divmod_s32s32_unsafe
                0x0000000010015944                divmod_s32s32_savestate
 .text.__wrap___aeabi_uidiv
                0x0000000010015960       0x4c CMakeFiles/pico.dir/lib/pico-sdk/src/rp2_common/pico_divider/divider.S.obj
                0x0000000010015960                __wrap___aeabi_uidiv
                0x0000000010015960                __wrap___aeabi_uidivmod
                0x0000000010015960                div_u32u32
                0x0000000010015960                divmod_u32u32
                0x0000000010015968                divmod_u32u32_unsafe
                0x0000000010015990                divmod_u32u32_savestate
 .text.__wrap___aeabi_ldiv
                0x00000000100159ac      0x424 CMakeFiles/pico.dir/lib/pico-sdk/src/rp2_common/pico_divider/divider.S.obj
                0x00000000100159ac                div_s64s64
                0x00000000100159ac                divmod_s64s64
                0x00000000100159ac                __wrap___aeabi_ldivmod
                0x00000000100159dc                div_u64u64
                0x00000000100159dc                divmod_u64u64
                0x00000000100159dc                __wrap___aeabi_uldivmod
                0x00000000100159ec                divmod_u64u64_savestate
                0x0000000010015a0c                divmod_s64s64_unsafe
                0x0000000010015a94                divmod_u64u64_unsafe
 .text.__wrap___aeabi_darithmetic
                0x0000000010015dd0       0x60 CMakeFiles/pico.dir/lib/pico-sdk/src/rp2_common/pico_double/double_aeabi.S.obj
                0x0000000010015dd0                __wrap___aeabi_drsub
                0x0000000010015dd6                __wrap___aeabi_dsub
                0x0000000010015de0                __wrap___aeabi_dadd
                0x0000000010015dea                __wrap___aeabi_ddiv
                0x0000000010015e1e                __wrap___aeabi_dmul
 .text.__wrap___aeabi_cdcmple
                0x0000000010015e30       0x6c CMakeFiles/pico.dir/lib/pico-sdk/src/rp2_common/pico_double/double_aeabi.S.obj
                0x0000000010015e30                __wrap___aeabi_cdrcmple
                0x0000000010015e40                __wrap___aeabi_cdcmple
                0x0000000010015e40                __wrap___aeabi_cdcmpeq
 .text.__wrap___aeabi_dcmplt
                0x0000000010015e9c        0xc CMakeFiles/pico.dir/lib/pico-sdk/src/rp2_common/pico_double/double_aeabi.S.obj
                0x0000000010015e9c                __wrap___aeabi_dcmplt
 .text.__wrap___aeabi_dcmple
                0x0000000010015ea8       0x10 CMakeFiles/pico.dir/lib/pico-sdk/src/rp2_common/pico_double/double_aeabi.S.obj
                0x0000000010015ea8                __wrap___aeabi_dcmple
 .text.__wrap___aeabi_dcmpge
                0x0000000010015eb8       0x10 CMakeFiles/pico.dir/lib/pico-sdk/src/rp2_common/pico_double/double_aeabi.S.obj
                0x0000000010015eb8                __wrap___aeabi_dcmpge
 .text.__wrap___aeabi_dcmpgt
                0x0000000010015ec8        0xa CMakeFiles/pico.dir/lib/pico-sdk/src/rp2_common/pico_double/double_aeabi.S.obj
                0x0000000010015ec8                __wrap___aeabi_dcmpgt
 .text.__wrap___aeabi_dcmpun
                0x0000000010015ed2       0x1c CMakeFiles/pico.dir/lib/pico-sdk/src/rp2_common/pico_double/double_aeabi.S.obj
                0x0000000010015ed2                __wrap___aeabi_dcmpun
 *fill*         0x0000000010015eee        0x2 
 .text.__wrap___aeabi_i2d
                0x0000000010015ef0       0x38 CMakeFiles/pico.dir/lib/pico-sdk/src/rp2_common/pico_double/double_aeabi.S.obj
                0x0000000010015ef0                __wrap___aeabi_ui2d
                0x0000000010015ef8                __wrap___aeabi_i2d
 .text.__wrap___aeabi_d2iz
                0x0000000010015f28       0x48 CMakeFiles/pico.dir/lib/pico-sdk/src/rp2_common/pico_double/double_aeabi.S.obj
                0x0000000010015f28                __wrap___aeabi_d2iz
                0x0000000010015f28                double2int_z
 .text.__wrap___aeabi_d2uiz
                0x0000000010015f70       0x10 CMakeFiles/pico.dir/lib/pico-sdk/src/rp2_common/pico_double/double_aeabi.S.obj
                0x0000000010015f70                double2uint
                0x0000000010015f70                __wrap___aeabi_d2uiz
 .text.__wrap___aeabi_d2f
                0x0000000010015f80       0x10 CMakeFiles/pico.dir/lib/pico-sdk/src/rp2_common/pico_double/double_aeabi.S.obj
                0x0000000010015f80                __wrap___aeabi_d2f
 .text.missing_double_func_shim
                0x0000000010015f90        0xc CMakeFiles/pico.dir/lib/pico-sdk/src/rp2_common/pico_double/double_init_rom.c.obj
 .text.__aeabi_double_init
                0x0000000010015f9c       0x98 CMakeFiles/pico.dir/lib/pico-sdk/src/rp2_common/pico_double/double_init_rom.c.obj
                0x0000000010015f9c                __aeabi_double_init
 .text.double_table_shim_on_use_helper
                0x0000000010016034       0x2c CMakeFiles/pico.dir/lib/pico-sdk/src/rp2_common/pico_double/double_v1_rom_shim.S.obj
                0x0000000010016034                double_table_shim_on_use_helper
 .text.__aeabi_lmul
                0x0000000010016060       0x32 CMakeFiles/pico.dir/lib/pico-sdk/src/rp2_common/pico_int64_ops/pico_int64_ops_aeabi.S.obj
                0x0000000010016060                __wrap___aeabi_lmul
 *fill*         0x0000000010016092        0x2 
 .text.__wrap___aeabi_farithmetic
                0x0000000010016094       0x48 CMakeFiles/pico.dir/lib/pico-sdk/src/rp2_common/pico_float/float_aeabi.S.obj
                0x0000000010016094                __wrap___aeabi_frsub
                0x000000001001609a                __wrap___aeabi_fsub
                0x00000000100160a0                __wrap___aeabi_fadd
                0x00000000100160a6                __wrap___aeabi_fdiv
                0x00000000100160ce                __wrap___aeabi_fmul
 .text.__wrap___aeabi_i2f
                0x00000000100160dc       0x44 CMakeFiles/pico.dir/lib/pico-sdk/src/rp2_common/pico_float/float_aeabi.S.obj
                0x00000000100160dc                __wrap___aeabi_i2f
 .text.__wrap___aeabi_f2d
                0x0000000010016120        0xc CMakeFiles/pico.dir/lib/pico-sdk/src/rp2_common/pico_float/float_aeabi.S.obj
                0x0000000010016120                __wrap___aeabi_f2d
 .text.missing_float_func_shim
                0x000000001001612c        0xc CMakeFiles/pico.dir/lib/pico-sdk/src/rp2_common/pico_float/float_init_rom.c.obj
 .text.__aeabi_float_init
                0x0000000010016138       0x5c CMakeFiles/pico.dir/lib/pico-sdk/src/rp2_common/pico_float/float_init_rom.c.obj
                0x0000000010016138                __aeabi_float_init
 .text.__wrap_malloc
                0x0000000010016194       0x3c CMakeFiles/pico.dir/lib/pico-sdk/src/rp2_common/pico_malloc/pico_malloc.c.obj
                0x0000000010016194                __wrap_malloc
 .text.__wrap_calloc
                0x00000000100161d0       0x40 CMakeFiles/pico.dir/lib/pico-sdk/src/rp2_common/pico_malloc/pico_malloc.c.obj
                0x00000000100161d0                __wrap_calloc
 .text.__wrap_free
                0x0000000010016210       0x20 CMakeFiles/pico.dir/lib/pico-sdk/src/rp2_common/pico_malloc/pico_malloc.c.obj
                0x0000000010016210                __wrap_free
 .text          0x0000000010016230       0x10 CMakeFiles/pico.dir/lib/pico-sdk/src/rp2_common/pico_mem_ops/mem_ops_aeabi.S.obj
                0x0000000010016230                __aeabi_mem_init
 .text.memset   0x0000000010016240        0xc CMakeFiles/pico.dir/lib/pico-sdk/src/rp2_common/pico_mem_ops/mem_ops_aeabi.S.obj
                0x0000000010016240                __wrap_memset
 .text.memcpy   0x000000001001624c        0xc CMakeFiles/pico.dir/lib/pico-sdk/src/rp2_common/pico_mem_ops/mem_ops_aeabi.S.obj
                0x000000001001624c                __wrap___aeabi_memcpy
                0x000000001001624c                __wrap_memcpy
 .text.stdio_out_chars_no_crlf
                0x0000000010016258       0x10 CMakeFiles/pico.dir/lib/pico-sdk/src/rp2_common/pico_stdio/stdio.c.obj
 .text.stdio_out_chars_crlf
                0x0000000010016268       0xb4 CMakeFiles/pico.dir/lib/pico-sdk/src/rp2_common/pico_stdio/stdio.c.obj
 .text.stdio_buffered_printer
                0x000000001001631c       0x64 CMakeFiles/pico.dir/lib/pico-sdk/src/rp2_common/pico_stdio/stdio.c.obj
 .text.stdio_put_string.isra.0
                0x0000000010016380       0xfc CMakeFiles/pico.dir/lib/pico-sdk/src/rp2_common/pico_stdio/stdio.c.obj
 .text.__wrap_putchar
                0x000000001001647c       0x98 CMakeFiles/pico.dir/lib/pico-sdk/src/rp2_common/pico_stdio/stdio.c.obj
                0x000000001001647c                __wrap_putchar
 .text.__wrap_puts